Archive member included because of file (symbol)

c:/devkitPro/libogc/lib/wii\libwiiuse.a(wpad.o)
                              reset.o (WPAD_SetPowerButtonCallback)
c:/devkitPro/libogc/lib/wii\libwiiuse.a(dynamics.o)
                              c:/devkitPro/libogc/lib/wii\libwiiuse.a(wpad.o) (calculate_gforce)
c:/devkitPro/libogc/lib/wii\libwiiuse.a(io_wii.o)
                              c:/devkitPro/libogc/lib/wii\libwiiuse.a(wpad.o) (wiiuse_disconnect)
c:/devkitPro/libogc/lib/wii\libwiiuse.a(ir.o)
                              c:/devkitPro/libogc/lib/wii\libwiiuse.a(wpad.o) (wiiuse_set_ir_vres)
c:/devkitPro/libogc/lib/wii\libwiiuse.a(wiiuse.o)
                              c:/devkitPro/libogc/lib/wii\libwiiuse.a(wpad.o) (wiiuse_set_flags)
c:/devkitPro/libogc/lib/wii\libwiiuse.a(events.o)
                              c:/devkitPro/libogc/lib/wii\libwiiuse.a(io_wii.o) (parse_event)
c:/devkitPro/libogc/lib/wii\libwiiuse.a(guitar_hero_3.o)
                              c:/devkitPro/libogc/lib/wii\libwiiuse.a(events.o) (guitar_hero_3_event)
c:/devkitPro/libogc/lib/wii\libwiiuse.a(io.o)
                              c:/devkitPro/libogc/lib/wii\libwiiuse.a(events.o) (wiiuse_disable_expansion)
c:/devkitPro/libogc/lib/wii\libwiiuse.a(nunchuk.o)
                              c:/devkitPro/libogc/lib/wii\libwiiuse.a(events.o) (nunchuk_event)
c:/devkitPro/libogc/lib/wii\libwiiuse.a(wiiboard.o)
                              c:/devkitPro/libogc/lib/wii\libwiiuse.a(events.o) (wii_board_event)
c:/devkitPro/libogc/lib/wii\libwiiuse.a(classic.o)
                              c:/devkitPro/libogc/lib/wii\libwiiuse.a(events.o) (classic_ctrl_event)
c:/devkitPro/libogc/lib/wii\libbte.a(bte.o)
                              c:/devkitPro/libogc/lib/wii\libwiiuse.a(io_wii.o) (bte_arg)
c:/devkitPro/libogc/lib/wii\libbte.a(hci.o)
                              c:/devkitPro/libogc/lib/wii\libbte.a(bte.o) (hci_arg)
c:/devkitPro/libogc/lib/wii\libbte.a(l2cap.o)
                              c:/devkitPro/libogc/lib/wii\libbte.a(hci.o) (lp_connect_ind)
c:/devkitPro/libogc/lib/wii\libbte.a(btmemb.o)
                              c:/devkitPro/libogc/lib/wii\libbte.a(bte.o) (btmemb_alloc)
c:/devkitPro/libogc/lib/wii\libbte.a(btmemr.o)
                              c:/devkitPro/libogc/lib/wii\libbte.a(hci.o) (btmemr_init)
c:/devkitPro/libogc/lib/wii\libbte.a(btpbuf.o)
                              c:/devkitPro/libogc/lib/wii\libbte.a(hci.o) (btpbuf_header)
c:/devkitPro/libogc/lib/wii\libbte.a(physbusif.o)
                              c:/devkitPro/libogc/lib/wii\libbte.a(bte.o) (physbusif_close)
c:/devkitPro/libogc/lib/wii\libogc.a(console.o)
                              helloworld.o (CON_Init)
c:/devkitPro/libogc/lib/wii\libogc.a(lwp_queue.o)
                              c:/devkitPro/libogc/lib/wii\libwiiuse.a(io_wii.o) (__lwp_queue_initialize)
c:/devkitPro/libogc/lib/wii\libogc.a(lwp_threads.o)
                              c:/devkitPro/libogc/lib/wii\libwiiuse.a(wpad.o) (_thread_dispatch_disable_level)
c:/devkitPro/libogc/lib/wii\libogc.a(lwp.o)
                              c:/devkitPro/libogc/lib/wii\libbte.a(bte.o) (LWP_ThreadSignal)
c:/devkitPro/libogc/lib/wii\libogc.a(lwp_handler.o)
                              c:/devkitPro/libogc/lib/wii\libogc.a(lwp_threads.o) (_cpu_context_save_fp)
c:/devkitPro/libogc/lib/wii\libogc.a(lwp_stack.o)
                              c:/devkitPro/libogc/lib/wii\libogc.a(lwp_threads.o) (__lwp_stack_free)
c:/devkitPro/libogc/lib/wii\libogc.a(lwp_watchdog.o)
                              c:/devkitPro/libogc/lib/wii\libogc.a(lwp_threads.o) (_wd_ticks_queue)
c:/devkitPro/libogc/lib/wii\libogc.a(lwp_wkspace.o)
                              c:/devkitPro/libogc/lib/wii\libwiiuse.a(io_wii.o) (__wkspace_heap)
c:/devkitPro/libogc/lib/wii\libogc.a(lwp_objmgr.o)
                              c:/devkitPro/libogc/lib/wii\libogc.a(lwp.o) (__lwp_objmgr_getnoprotection)
c:/devkitPro/libogc/lib/wii\libogc.a(lwp_heap.o)
                              c:/devkitPro/libogc/lib/wii\libogc.a(lwp_wkspace.o) (__lwp_heap_init)
c:/devkitPro/libogc/lib/wii\libogc.a(sys_state.o)
                              c:/devkitPro/libogc/lib/wii\libogc.a(lwp_threads.o) (_sys_state_curr)
c:/devkitPro/libogc/lib/wii\libogc.a(irq.o)
                              c:/devkitPro/libogc/lib/wii\libwiiuse.a(io_wii.o) (IRQ_Disable)
c:/devkitPro/libogc/lib/wii\libogc.a(video.o)
                              c:/devkitPro/libogc/lib/wii\libogc.a(console.o) (VIDEO_GetCurrentFramebuffer)
c:/devkitPro/libogc/lib/wii\libogc.a(pad.o)
                              pad.o (PAD_ButtonsDown)
c:/devkitPro/libogc/lib/wii\libogc.a(system.o)
                              c:/devkitPro/libogc/lib/wii\libwiiuse.a(wpad.o) (__SYS_DoPowerCB)
c:/devkitPro/libogc/lib/wii\libogc.a(system_asm.o)
                              c:/devkitPro/libogc/lib/wii\libogc.a(system.o) (__realmode)
[...]
Memory Configuration

Name             Origin             Length             Attributes
*default*        0x00000000         0xffffffff

Linker script and memory map

                0x00003400                . = 0x3400

.stub
 *(.stub)
                0x80004000                . = 0x80004000

.init           0x80004000      0x208
 *crt0.o(*.init)
 .init          0x80004000      0x1e4 c:/devkitPro/libogc/lib/wii\libogc.a(ogc_crt0.o)
                0x8000419c                _memset
                0x80004000                _start
                0x800041cc                video_line
 *(.init)
 .init          0x800041e4        0xc c:/devkitpro/devkitppc/bin/../lib/gcc/powerpc-gekko/4.2.4/ecrti.o
                0x800041e4                __init
 .init          0x800041f0        0x4 c:/devkitpro/devkitppc/bin/../lib/gcc/powerpc-gekko/4.2.4/crtbegin.o
 .init          0x800041f4        0x4 c:/devkitpro/devkitppc/bin/../lib/gcc/powerpc-gekko/4.2.4/crtend.o
 .init          0x800041f8       0x10 c:/devkitpro/devkitppc/bin/../lib/gcc/powerpc-gekko/4.2.4/ecrtn.o

.plt
 *(.plt)

.interp
 *(.interp)

.hash
 *(.hash)

.dynsym
 *(.dynsym)

.dynstr
 *(.dynstr)

.gnu.version
 *(.gnu.version)

.gnu.version_d
 *(.gnu.version_d)

.gnu.version_r
 *(.gnu.version_r)

.rel.init
 *(.rel.init)

.rela.init      0x80004208        0x0
 *(.rela.init)
 .rela.init     0x00000000        0x0 c:/devkitpro/devkitppc/bin/../lib/gcc/powerpc-gekko/4.2.4/crtbegin.o

.rel.text
 *(.rel.text .rel.text.* .rel.gnu.linkonce.t.*)

.rela.text      0x80004208        0x0
 *(.rela.text .rela.text.* .rela.gnu.linkonce.t.*)
 .rela.text     0x00000000        0x0 c:/devkitpro/devkitppc/bin/../lib/gcc/powerpc-gekko/4.2.4/crtbegin.o
 .rela.text.ircconnect
                0x00000000        0x0 c:/devkitpro/devkitppc/bin/../lib/gcc/powerpc-gekko/4.2.4/crtbegin.o
 .rela.text.tcpconnect
                0x00000000        0x0 c:/devkitpro/devkitppc/bin/../lib/gcc/powerpc-gekko/4.2.4/crtbegin.o
 .rela.text.wiiuse_init_cmd_queue
                0x00000000        0x0 c:/devkitpro/devkitppc/bin/../lib/gcc/powerpc-gekko/4.2.4/crtbegin.o
 .rela.text.wiiuse_init
                0x00000000        0x0 c:/devkitpro/devkitppc/bin/../lib/gcc/powerpc-gekko/4.2.4/crtbegin.o
 .rela.text.guitar_hero_3_handshake
                0x00000000        0x0 c:/devkitpro/devkitppc/bin/../lib/gcc/powerpc-gekko/4.2.4/crtbegin.o
 .rela.text.wiiuse_handshake_expansion
                0x00000000        0x0 c:/devkitpro/devkitppc/bin/../lib/gcc/powerpc-gekko/4.2.4/crtbegin.o
 .rela.text.wiiuse_handshake
                0x00000000        0x0 c:/devkitpro/devkitppc/bin/../lib/gcc/powerpc-gekko/4.2.4/crtbegin.o
 .rela.text.bt_alarmhandler
                0x00000000        0x0 c:/devkitpro/devkitppc/bin/../lib/gcc/powerpc-gekko/4.2.4/crtbegin.o
 .rela.text.CON_EnableGecko
                0x00000000        0x0 c:/devkitpro/devkitppc/bin/../lib/gcc/powerpc-gekko/4.2.4/crtbegin.o
 .rela.text.__console_init
                0x00000000        0x0 c:/devkitpro/devkitppc/bin/../lib/gcc/powerpc-gekko/4.2.4/crtbegin.o
 .rela.text.__console_init_ex
                0x00000000        0x0 c:/devkitpro/devkitppc/bin/../lib/gcc/powerpc-gekko/4.2.4/crtbegin.o
 .rela.text.__lwp_rotate_readyqueue
                0x00000000        0x0 c:/devkitpro/devkitppc/bin/../lib/gcc/powerpc-gekko/4.2.4/crtbegin.o
 .rela.text.__lwp_thread_setstate
                0x00000000        0x0 c:/devkitpro/devkitppc/bin/../lib/gcc/powerpc-gekko/4.2.4/crtbegin.o
 .rela.text.__lwp_thread_setpriority
                0x00000000        0x0 c:/devkitpro/devkitppc/bin/../lib/gcc/powerpc-gekko/4.2.4/crtbegin.o
 .rela.text.__lwp_thread_ready
                0x00000000        0x0 c:/devkitpro/devkitppc/bin/../lib/gcc/powerpc-gekko/4.2.4/crtbegin.o
 .rela.text.__lwp_thread_close
                0x00000000        0x0 c:/devkitpro/devkitppc/bin/../lib/gcc/powerpc-gekko/4.2.4/crtbegin.o
 .rela.text.__lwp_thread_closeall
                0x00000000        0x0 c:/devkitpro/devkitppc/bin/../lib/gcc/powerpc-gekko/4.2.4/crtbegin.o
 .rela.text.__lwp_thread_stopmultitasking
                0x00000000        0x0 c:/devkitpro/devkitppc/bin/../lib/gcc/powerpc-gekko/4.2.4/crtbegin.o
 .rela.text.__lwp_thread_changepriority
                0x00000000        0x0 c:/devkitpro/devkitppc/bin/../lib/gcc/powerpc-gekko/4.2.4/crtbegin.o
 .rela.text.__lwp_thread_coreinit
                0x00000000        0x0 c:/devkitpro/devkitppc/bin/../lib/gcc/powerpc-gekko/4.2.4/crtbegin.o
 .rela.text.__lwp_thread_suspend
                0x00000000        0x0 c:/devkitpro/devkitppc/bin/../lib/gcc/powerpc-gekko/4.2.4/crtbegin.o
 .rela.text.__lwp_thread_startmultitasking
                0x00000000        0x0 c:/devkitpro/devkitppc/bin/../lib/gcc/powerpc-gekko/4.2.4/crtbegin.o
 .rela.text.__lwp_thread_tickle_timeslice
                0x00000000        0x0 c:/devkitpro/devkitppc/bin/../lib/gcc/powerpc-gekko/4.2.4/crtbegin.o
 .rela.text.__lwp_thread_context
                0x00000000        0x0 c:/devkitpro/devkitppc/bin/../lib/gcc/powerpc-gekko/4.2.4/crtbegin.o
 .rela.text.__lwp_thread_exists
                0x00000000        0x0 c:/devkitpro/devkitppc/bin/../lib/gcc/powerpc-gekko/4.2.4/crtbegin.o
 .rela.text.__lwp_thread_isalive
                0x00000000        0x0 c:/devkitpro/devkitppc/bin/../lib/gcc/powerpc-gekko/4.2.4/crtbegin.o
 .rela.text.__lwp_sysinit
                0x00000000        0x0 c:/devkitpro/devkitppc/bin/../lib/gcc/powerpc-gekko/4.2.4/crtbegin.o
 .rela.text.LWP_ThreadSignal
                0x00000000        0x0 c:/devkitpro/devkitppc/bin/../lib/gcc/powerpc-gekko/4.2.4/crtbegin.o
 .rela.text.LWP_ThreadBroadcast
                0x00000000        0x0 c:/devkitpro/devkitppc/bin/../lib/gcc/powerpc-gekko/4.2.4/crtbegin.o
 .rela.text.LWP_ThreadSleep
                0x00000000        0x0 c:/devkitpro/devkitppc/bin/../lib/gcc/powerpc-gekko/4.2.4/crtbegin.o
 .rela.text.LWP_CloseQueue
                0x00000000        0x0 c:/devkitpro/devkitppc/bin/../lib/gcc/powerpc-gekko/4.2.4/crtbegin.o
 .rela.text.LWP_InitQueue
                0x00000000        0x0 c:/devkitpro/devkitppc/bin/../lib/gcc/powerpc-gekko/4.2.4/crtbegin.o
 .rela.text.LWP_JoinThread
                0x00000000        0x0 c:/devkitpro/devkitppc/bin/../lib/gcc/powerpc-gekko/4.2.4/crtbegin.o
 .rela.text.LWP_ThreadIsSuspended
                0x00000000        0x0 c:/devkitpro/devkitppc/bin/../lib/gcc/powerpc-gekko/4.2.4/crtbegin.o
 .rela.text.LWP_SetThreadPriority
                0x00000000        0x0 c:/devkitpro/devkitppc/bin/../lib/gcc/powerpc-gekko/4.2.4/crtbegin.o
 .rela.text.LWP_ResumeThread
                0x00000000        0x0 c:/devkitpro/devkitppc/bin/../lib/gcc/powerpc-gekko/4.2.4/crtbegin.o
 .rela.text.LWP_SuspendThread
                0x00000000        0x0 c:/devkitpro/devkitppc/bin/../lib/gcc/powerpc-gekko/4.2.4/crtbegin.o
 .rela.text.LWP_CreateThread
                0x00000000        0x0 c:/devkitpro/devkitppc/bin/../lib/gcc/powerpc-gekko/4.2.4/crtbegin.o
 .rela.text.__lwp_stack_free
                0x00000000        0x0 c:/devkitpro/devkitppc/bin/../lib/gcc/powerpc-gekko/4.2.4/crtbegin.o
 .rela.text.__lwp_stack_allocate
                0x00000000        0x0 c:/devkitpro/devkitppc/bin/../lib/gcc/powerpc-gekko/4.2.4/crtbegin.o
 .rela.text.__lwp_watchdog_init
                0x00000000        0x0 c:/devkitpro/devkitppc/bin/../lib/gcc/powerpc-gekko/4.2.4/crtbegin.o
 .rela.text.__lwp_wd_tickle
                0x00000000        0x0 c:/devkitpro/devkitppc/bin/../lib/gcc/powerpc-gekko/4.2.4/crtbegin.o
 .rela.text.__lwp_wkspace_init
                0x00000000        0x0 c:/devkitpro/devkitppc/bin/../lib/gcc/powerpc-gekko/4.2.4/crtbegin.o
 .rela.text.__lwp_wkspace_heapused
                0x00000000        0x0 c:/devkitpro/devkitppc/bin/../lib/gcc/powerpc-gekko/4.2.4/crtbegin.o
 .rela.text.__lwp_wkspace_heapfree
                0x00000000        0x0 c:/devkitpro/devkitppc/bin/../lib/gcc/powerpc-gekko/4.2.4/crtbegin.o
 .rela.text.__lwp_objmgr_initinfo
                0x00000000        0x0 c:/devkitpro/devkitppc/bin/../lib/gcc/powerpc-gekko/4.2.4/crtbegin.o
 .rela.text.__irq_init
                0x00000000        0x0 c:/devkitpro/devkitppc/bin/../lib/gcc/powerpc-gekko/4.2.4/crtbegin.o
 .rela.text.__sram_sync
                0x00000000        0x0 c:/devkitpro/devkitppc/bin/../lib/gcc/powerpc-gekko/4.2.4/crtbegin.o
 .rela.text.__locksram
                0x00000000        0x0 c:/devkitpro/devkitppc/bin/../lib/gcc/powerpc-gekko/4.2.4/crtbegin.o
 .rela.text.__sram_init
                0x00000000        0x0 c:/devkitpro/devkitppc/bin/../lib/gcc/powerpc-gekko/4.2.4/crtbegin.o
 .rela.text.SYS_Init
                0x00000000        0x0 c:/devkitpro/devkitppc/bin/../lib/gcc/powerpc-gekko/4.2.4/crtbegin.o
 .rela.text.__unlocksram
                0x00000000        0x0 c:/devkitpro/devkitppc/bin/../lib/gcc/powerpc-gekko/4.2.4/crtbegin.o
 .rela.text.__sram_writecallback
                0x00000000        0x0 c:/devkitpro/devkitppc/bin/../lib/gcc/powerpc-gekko/4.2.4/crtbegin.o
 .rela.text.SYS_CancelAlarm
                0x00000000        0x0 c:/devkitpro/devkitppc/bin/../lib/gcc/powerpc-gekko/4.2.4/crtbegin.o
 .rela.text.SYS_RemoveAlarm
                0x00000000        0x0 c:/devkitpro/devkitppc/bin/../lib/gcc/powerpc-gekko/4.2.4/crtbegin.o
 .rela.text.SYS_SetAlarm
                0x00000000        0x0 c:/devkitpro/devkitppc/bin/../lib/gcc/powerpc-gekko/4.2.4/crtbegin.o
 .rela.text.__sys_alarmhandler
                0x00000000        0x0 c:/devkitpro/devkitppc/bin/../lib/gcc/powerpc-gekko/4.2.4/crtbegin.o
 .rela.text.SYS_SetPeriodicAlarm
                0x00000000        0x0 c:/devkitpro/devkitppc/bin/../lib/gcc/powerpc-gekko/4.2.4/crtbegin.o
 .rela.text.__lwp_cond_init
                0x00000000        0x0 c:/devkitpro/devkitppc/bin/../lib/gcc/powerpc-gekko/4.2.4/crtbegin.o
 .rela.text.LWP_CondDestroy
                0x00000000        0x0 c:/devkitpro/devkitppc/bin/../lib/gcc/powerpc-gekko/4.2.4/crtbegin.o
 .rela.text.LWP_CondInit
                0x00000000        0x0 c:/devkitpro/devkitppc/bin/../lib/gcc/powerpc-gekko/4.2.4/crtbegin.o
 .rela.text.__lwp_cond_signalsupp
                0x00000000        0x0 c:/devkitpro/devkitppc/bin/../lib/gcc/powerpc-gekko/4.2.4/crtbegin.o
 .rela.text.__lwp_cond_waitsupp
                0x00000000        0x0 c:/devkitpro/devkitppc/bin/../lib/gcc/powerpc-gekko/4.2.4/crtbegin.o
 .rela.text.c_decrementer_handler
                0x00000000        0x0 c:/devkitpro/devkitppc/bin/../lib/gcc/powerpc-gekko/4.2.4/crtbegin.o
 .rela.text.__lwp_mqbox_init
                0x00000000        0x0 c:/devkitpro/devkitppc/bin/../lib/gcc/powerpc-gekko/4.2.4/crtbegin.o
 .rela.text.MQ_Close
                0x00000000        0x0 c:/devkitpro/devkitppc/bin/../lib/gcc/powerpc-gekko/4.2.4/crtbegin.o
 .rela.text.MQ_Init
                0x00000000        0x0 c:/devkitpro/devkitppc/bin/../lib/gcc/powerpc-gekko/4.2.4/crtbegin.o
 .rela.text.MQ_Jam
                0x00000000        0x0 c:/devkitpro/devkitppc/bin/../lib/gcc/powerpc-gekko/4.2.4/crtbegin.o
 .rela.text.MQ_Receive
                0x00000000        0x0 c:/devkitpro/devkitppc/bin/../lib/gcc/powerpc-gekko/4.2.4/crtbegin.o
 .rela.text.MQ_Send
                0x00000000        0x0 c:/devkitpro/devkitppc/bin/../lib/gcc/powerpc-gekko/4.2.4/crtbegin.o
 .rela.text.__ios_ioctlvformat_parse
                0x00000000        0x0 c:/devkitpro/devkitppc/bin/../lib/gcc/powerpc-gekko/4.2.4/crtbegin.o
 .rela.text.__ioctlvfmtCB
                0x00000000        0x0 c:/devkitpro/devkitppc/bin/../lib/gcc/powerpc-gekko/4.2.4/crtbegin.o
 .rela.text.IOS_IoctlvFormatAsync
                0x00000000        0x0 c:/devkitpro/devkitppc/bin/../lib/gcc/powerpc-gekko/4.2.4/crtbegin.o
 .rela.text.IOS_IoctlvFormat
                0x00000000        0x0 c:/devkitpro/devkitppc/bin/../lib/gcc/powerpc-gekko/4.2.4/crtbegin.o
 .rela.text.nanosleep
                0x00000000        0x0 c:/devkitpro/devkitppc/bin/../lib/gcc/powerpc-gekko/4.2.4/crtbegin.o
 .rela.text.__libc_init
                0x00000000        0x0 c:/devkitpro/devkitppc/bin/../lib/gcc/powerpc-gekko/4.2.4/crtbegin.o
 .rela.text.__libc_wrapup
                0x00000000        0x0 c:/devkitpro/devkitppc/bin/../lib/gcc/powerpc-gekko/4.2.4/crtbegin.o
 .rela.text.__libc_delete_hook
                0x00000000        0x0 c:/devkitpro/devkitppc/bin/../lib/gcc/powerpc-gekko/4.2.4/crtbegin.o
 .rela.text.__CheckARGV
                0x00000000        0x0 c:/devkitpro/devkitppc/bin/../lib/gcc/powerpc-gekko/4.2.4/crtbegin.o
 .rela.text.__lwp_priority_init
                0x00000000        0x0 c:/devkitpro/devkitppc/bin/../lib/gcc/powerpc-gekko/4.2.4/crtbegin.o
 .rela.text.__lwp_threadqueue_extractpriority
                0x00000000        0x0 c:/devkitpro/devkitppc/bin/../lib/gcc/powerpc-gekko/4.2.4/crtbegin.o
 .rela.text.__lwp_threadqueue_extractfifo
                0x00000000        0x0 c:/devkitpro/devkitppc/bin/../lib/gcc/powerpc-gekko/4.2.4/crtbegin.o
 .rela.text.__lwp_threadqueue_dequeuepriority
                0x00000000        0x0 c:/devkitpro/devkitppc/bin/../lib/gcc/powerpc-gekko/4.2.4/crtbegin.o
 .rela.text.__lwp_threadqueue_enqueuepriority
                0x00000000        0x0 c:/devkitpro/devkitppc/bin/../lib/gcc/powerpc-gekko/4.2.4/crtbegin.o
 .rela.text.__lwp_threadqueue_dequeuefifo
                0x00000000        0x0 c:/devkitpro/devkitppc/bin/../lib/gcc/powerpc-gekko/4.2.4/crtbegin.o
 .rela.text.__lwp_threadqueue_enqueuefifo
                0x00000000        0x0 c:/devkitpro/devkitppc/bin/../lib/gcc/powerpc-gekko/4.2.4/crtbegin.o
 .rela.text.__lwp_threadqueue_enqueue
                0x00000000        0x0 c:/devkitpro/devkitppc/bin/../lib/gcc/powerpc-gekko/4.2.4/crtbegin.o
 .rela.text.__lwpmq_close
                0x00000000        0x0 c:/devkitpro/devkitppc/bin/../lib/gcc/powerpc-gekko/4.2.4/crtbegin.o
 .rela.text.__lwpmq_initialize
                0x00000000        0x0 c:/devkitpro/devkitppc/bin/../lib/gcc/powerpc-gekko/4.2.4/crtbegin.o
 .rela.text.__exception_sethandler
                0x00000000        0x0 c:/devkitpro/devkitppc/bin/../lib/gcc/powerpc-gekko/4.2.4/crtbegin.o
 .rela.text.__exception_init
                0x00000000        0x0 c:/devkitpro/devkitppc/bin/../lib/gcc/powerpc-gekko/4.2.4/crtbegin.o
 .rela.text.__systemcall_init
                0x00000000        0x0 c:/devkitpro/devkitppc/bin/../lib/gcc/powerpc-gekko/4.2.4/crtbegin.o
 .rela.text.__lwp_sema_init
                0x00000000        0x0 c:/devkitpro/devkitppc/bin/../lib/gcc/powerpc-gekko/4.2.4/crtbegin.o
 .rela.text.LWP_SemInit
                0x00000000        0x0 c:/devkitpro/devkitppc/bin/../lib/gcc/powerpc-gekko/4.2.4/crtbegin.o
 .rela.text.LWP_SemDestroy
                0x00000000        0x0 c:/devkitpro/devkitppc/bin/../lib/gcc/powerpc-gekko/4.2.4/crtbegin.o
 .rela.text.LWP_SemPost
                0x00000000        0x0 c:/devkitpro/devkitppc/bin/../lib/gcc/powerpc-gekko/4.2.4/crtbegin.o
 .rela.text.LWP_SemWait
                0x00000000        0x0 c:/devkitpro/devkitppc/bin/../lib/gcc/powerpc-gekko/4.2.4/crtbegin.o
 .rela.text.LWP_MutexInit
                0x00000000        0x0 c:/devkitpro/devkitppc/bin/../lib/gcc/powerpc-gekko/4.2.4/crtbegin.o
 .rela.text.__lwp_mutex_init
                0x00000000        0x0 c:/devkitpro/devkitppc/bin/../lib/gcc/powerpc-gekko/4.2.4/crtbegin.o
 .rela.text.LWP_MutexDestroy
                0x00000000        0x0 c:/devkitpro/devkitppc/bin/../lib/gcc/powerpc-gekko/4.2.4/crtbegin.o
 .rela.text.__lwp_mutex_locksupp
                0x00000000        0x0 c:/devkitpro/devkitppc/bin/../lib/gcc/powerpc-gekko/4.2.4/crtbegin.o
 .rela.text.LWP_MutexUnlock
                0x00000000        0x0 c:/devkitpro/devkitppc/bin/../lib/gcc/powerpc-gekko/4.2.4/crtbegin.o
 .rela.text.kprintf
                0x00000000        0x0 c:/devkitpro/devkitppc/bin/../lib/gcc/powerpc-gekko/4.2.4/crtbegin.o

.rel.fini
 *(.rel.fini)

.rela.fini
 *(.rela.fini)

.rel.rodata
 *(.rel.rodata .rel.rodata.* .rel.gnu.linkonce.r.*)

.rela.rodata
 *(.rela.rodata .rela.rodata.* .rela.gnu.linkonce.r.*)

.rel.data
 *(.rel.data .rel.data.* .rel.gnu.linkonce.d.*)

.rela.data
 *(.rela.data .rela.data.* .rela.gnu.linkonce.d.*)

.rel.tdata
 *(.rel.tdata .rel.tdata.* .rel.gnu.linkonce.td.*)

.rela.tdata
 *(.rela.tdata .rela.tdata.* .rela.gnu.linkonce.td.*)

.rel.tbss
 *(.rel.tbss .rel.tbss.* .rel.gnu.linkonce.tb.*)

.rela.tbss
 *(.rela.tbss .rela.tbss.* .rela.gnu.linkonce.tb.*)

.rel.ctors
 *(.rel.ctors)

.rela.ctors
 *(.rela.ctors)

.rel.dtors
 *(.rel.dtors)

.rela.dtors
 *(.rela.dtors)

.rel.got
 *(.rel.got)

.rela.got
 *(.rela.got)

.rela.got1
 *(.rela.got1)

.rela.got2      0x80004208        0x0
 *(.rela.got2)
 .rela.got2     0x00000000        0x0 c:/devkitpro/devkitppc/bin/../lib/gcc/powerpc-gekko/4.2.4/crtbegin.o

.rel.sdata
 *(.rel.sdata .rel.sdata.* .rel.gnu.linkonce.s.*)

.rela.sdata
 *(.rela.sdata .rela.sdata.* .rela.gnu.linkonce.s.*)

.rel.sbss
 *(.rel.sbss .rel.sbss.* .rel.gnu.linkonce.sb.*)

.rela.sbss
 *(.rela.sbss .rela.sbss.* .rel.gnu.linkonce.sb.*)

.rel.sdata2
 *(.rel.sdata2 .rel.sdata2.* .rel.gnu.linkonce.s2.*)

.rela.sdata2    0x80004208        0x0
 *(.rela.sdata2 .rela.sdata2.* .rela.gnu.linkonce.s2.*)
 .rela.sdata2.__sys_inIPL
                0x00000000        0x0 c:/devkitpro/devkitppc/bin/../lib/gcc/powerpc-gekko/4.2.4/crtbegin.o

.rel.sbss2
 *(.rel.sbss2 .rel.sbss2.* .rel.gnu.linkonce.sb2.*)

.rela.sbss2
 *(.rela.sbss2 .rela.sbss2.* .rela.gnu.linkonce.sb2.*)

.rel.bss
 *(.rel.bss .rel.bss.* .rel.gnu.linkonce.b.*)

.rela.bss
 *(.rela.bss .rela.bss.* .rela.gnu.linkonce.b.*)

.rel.plt
 *(.rel.plt)

.rela.plt
 *(.rela.plt)

.text           0x80004220    0x31aa0
 *(.text)
 .text          0x80004220      0x140 c:/devkitpro/devkitppc/bin/../lib/gcc/powerpc-gekko/4.2.4/crtbegin.o
 .text          0x80004360       0x48 c:/devkitpro/devkitppc/bin/../lib/gcc/powerpc-gekko/4.2.4/../../../../powerpc-gekko/lib/crtmain.o
                0x80004364                __crtmain
 *fill*         0x800043a8       0x18 00000000
 .text          0x800043c0      0x4ec c:/devkitPro/libogc/lib/wii\libogc.a(lwp_handler.o)
                0x80004500                _cpu_context_restore_fp
                0x800047c0                _cpu_context_save
                0x800043c0                _cpu_context_save_fp
                0x80004640                _cpu_context_switch
                0x80004840                _cpu_context_restore
 .text          0x800048ac      0x5c4 c:/devkitPro/libogc/lib/wii\libogc.a(system_asm.o)
                0x80004944                __configMEM1_48Mb
                0x80004dd0                __reset
                0x800048ac                __realmode
                0x80004cb4                __CacheInit
                0x80004aa4                __configMEM2_64Mb
                0x80004d18                __SystemInit
                0x80004c00                __configMEM2_128Mb
                0x800048c4                __configMEM1_24Mb
                0x80004c7c                __PSInit
                0x800049c4                __configMEM2_56Mb
                0x80004b20                __configMEM2_112Mb
                0x80004d9c                __flush_cache
                0x80004e40                SYS_SwitchFiber
 .text          0x80004e70      0x1b0 c:/devkitPro/libogc/lib/wii\libogc.a(irq_handler.o)
                0x80004e70                irq_exceptionhandler
 .text          0x80005020      0x4d8 c:/devkitPro/libogc/lib/wii\libogc.a(cache_asm.o)
                0x800052fc                L2Disable
                0x80005084                DCBlockZero
                0x8000513c                DCFlushRangeNoSync
                0x80005290                ICBlockInvalidate
                0x80005020                DCFlashInvalidate
                0x8000508c                DCBlockStore
                0x8000519c                DCZeroRange
                0x800054b0                LCLoadBlocks
                0x8000507c                DCTouchLoad
                0x80005470                LCAllocTags
                0x80005258                ICDisable
                0x80005244                ICEnable
                0x80005314                L2GlobalInvalidate
                0x800054d4                LCStoreBlocks
                0x80005234                ICFlashInvalidate
                0x800051cc                DCTouchRange
                0x8000516c                DCStoreRangeNoSync
                0x8000526c                ICFreeze
                0x80005044                DCDisable
                0x80005094                DCBlockFlush
                0x80005030                DCEnable
                0x800052e8                L2Enable
                0x8000536c                __LCEnable
                0x800050a4                DCInvalidateRange
                0x8000545c                LCAllocOneTag
                0x8000506c                DCUnfreeze
                0x800051fc                ICInvalidateRange
                0x800050d4                DCFlushRange
                0x80005298                ICSync
                0x8000509c                DCBlockInvalidate
                0x80005058                DCFreeze
                0x800052a0                L2Init
                0x80005280                ICUnfreeze
                0x80005108                DCStoreRange
                0x80005434                LCDisable
 .text          0x800054f8      0x1b0 c:/devkitPro/libogc/lib/wii\libogc.a(decrementer_handler.o)
                0x800054f8                dec_exceptionhandler
 .text          0x800056a8      0x34c c:/devkitPro/libogc/lib/wii\libogc.a(exception_handler.o)
                0x800056a8                exceptionhandler_start
                0x8000575c                default_exceptionhandler
                0x800059f0                systemcallhandler_end
                0x800059d4                systemcallhandler_start
                0x80005758                exceptionhandler_end
                0x80005724                exceptionhandler_patch
                0x8000589c                fpu_exceptionhandler
 .text          0x800059f4       0x34 c:/devkitpro/devkitppc/bin/../lib/gcc/powerpc-gekko/4.2.4/../../../../powerpc-gekko/lib\libm.a(lib_a-s_atan2.o)
                0x800059f4                atan2
 .text          0x80005a28      0x284 c:/devkitpro/devkitppc/bin/../lib/gcc/powerpc-gekko/4.2.4/../../../../powerpc-gekko/lib\libm.a(lib_a-s_atangent.o)
                0x80005a28                atangent
 .text          0x80005cac       0x24 c:/devkitpro/devkitppc/bin/../lib/gcc/powerpc-gekko/4.2.4/../../../../powerpc-gekko/lib\libm.a(lib_a-s_cos.o)
                0x80005cac                cos
 .text          0x80005cd0       0xb4 c:/devkitpro/devkitppc/bin/../lib/gcc/powerpc-gekko/4.2.4/../../../../powerpc-gekko/lib\libm.a(lib_a-s_fabs.o)
                0x80005cd0                fabs
 .text          0x80005d84       0xb4 c:/devkitpro/devkitppc/bin/../lib/gcc/powerpc-gekko/4.2.4/../../../../powerpc-gekko/lib\libm.a(lib_a-s_frexp.o)
                0x80005d84                frexp
 .text          0x80005e38       0x50 c:/devkitpro/devkitppc/bin/../lib/gcc/powerpc-gekko/4.2.4/../../../../powerpc-gekko/lib\libm.a(lib_a-s_numtest.o)
                0x80005e38                numtest
 .text          0x80005e88       0x24 c:/devkitpro/devkitppc/bin/../lib/gcc/powerpc-gekko/4.2.4/../../../../powerpc-gekko/lib\libm.a(lib_a-s_sin.o)
                0x80005e88                sin
 .text          0x80005eac      0x2c4 c:/devkitpro/devkitppc/bin/../lib/gcc/powerpc-gekko/4.2.4/../../../../powerpc-gekko/lib\libm.a(lib_a-s_sine.o)
                0x80005eac                sine
 .text          0x80006170      0x184 c:/devkitpro/devkitppc/bin/../lib/gcc/powerpc-gekko/4.2.4/../../../../powerpc-gekko/lib\libm.a(lib_a-s_sqrt.o)
                0x80006170                sqrt
 .text          0x800062f4       0xc8 c:/devkitpro/devkitppc/bin/../lib/gcc/powerpc-gekko/4.2.4/../../../../powerpc-gekko/lib\libm.a(lib_a-sf_atan.o)
                0x800062f4                atanf
 .text          0x800063bc       0x38 c:/devkitpro/devkitppc/bin/../lib/gcc/powerpc-gekko/4.2.4/../../../../powerpc-gekko/lib\libm.a(lib_a-sf_atan2.o)
                0x800063bc                atan2f
 .text          0x800063f4      0x250 c:/devkitpro/devkitppc/bin/../lib/gcc/powerpc-gekko/4.2.4/../../../../powerpc-gekko/lib\libm.a(lib_a-sf_atangent.o)
                0x800063f4                atangentf
 .text          0x80006644       0x24 c:/devkitpro/devkitppc/bin/../lib/gcc/powerpc-gekko/4.2.4/../../../../powerpc-gekko/lib\libm.a(lib_a-sf_cos.o)
                0x80006644                cosf
 .text          0x80006668       0xb4 c:/devkitpro/devkitppc/bin/../lib/gcc/powerpc-gekko/4.2.4/../../../../powerpc-gekko/lib\libm.a(lib_a-sf_fabs.o)
                0x80006668                fabsf
 .text          0x8000671c       0xa8 c:/devkitpro/devkitppc/bin/../lib/gcc/powerpc-gekko/4.2.4/../../../../powerpc-gekko/lib\libm.a(lib_a-sf_fpclassify.o)
                0x8000671c                __fpclassifyf
 .text          0x800067c4       0x90 c:/devkitpro/devkitppc/bin/../lib/gcc/powerpc-gekko/4.2.4/../../../../powerpc-gekko/lib\libm.a(lib_a-sf_frexp.o)
                0x800067c4                frexpf
 .text          0x80006854       0x24 c:/devkitpro/devkitppc/bin/../lib/gcc/powerpc-gekko/4.2.4/../../../../powerpc-gekko/lib\libm.a(lib_a-sf_isinff.o)
                0x80006854                __isinff
 .text          0x80006878       0x28 c:/devkitpro/devkitppc/bin/../lib/gcc/powerpc-gekko/4.2.4/../../../../powerpc-gekko/lib\libm.a(lib_a-sf_isnanf.o)
                0x80006878                __isnanf
 .text          0x800068a0       0x48 c:/devkitpro/devkitppc/bin/../lib/gcc/powerpc-gekko/4.2.4/../../../../powerpc-gekko/lib\libm.a(lib_a-sf_numtest.o)
                0x800068a0                numtestf
 .text          0x800068e8       0x24 c:/devkitpro/devkitppc/bin/../lib/gcc/powerpc-gekko/4.2.4/../../../../powerpc-gekko/lib\libm.a(lib_a-sf_sin.o)
                0x800068e8                sinf
 .text          0x8000690c      0x2b8 c:/devkitpro/devkitppc/bin/../lib/gcc/powerpc-gekko/4.2.4/../../../../powerpc-gekko/lib\libm.a(lib_a-sf_sine.o)
                0x8000690c                sinef
 .text          0x80006bc4      0x190 c:/devkitpro/devkitppc/bin/../lib/gcc/powerpc-gekko/4.2.4/../../../../powerpc-gekko/lib\libm.a(lib_a-sf_sqrt.o)
                0x80006bc4                sqrtf
 .text          0x80006d54       0x1c c:/devkitpro/devkitppc/bin/../lib/gcc/powerpc-gekko/4.2.4/../../../../powerpc-gekko/lib\libm.a(lib_a-s_ispos.o)
                0x80006d54                ispos
 .text          0x80006d70      0x154 c:/devkitpro/devkitppc/bin/../lib/gcc/powerpc-gekko/4.2.4/../../../../powerpc-gekko/lib\libm.a(lib_a-s_ldexp.o)
                0x80006d70                ldexp
 .text          0x80006ec4       0x1c c:/devkitpro/devkitppc/bin/../lib/gcc/powerpc-gekko/4.2.4/../../../../powerpc-gekko/lib\libm.a(lib_a-sf_ispos.o)
                0x80006ec4                isposf
 .text          0x80006ee0      0x14c c:/devkitpro/devkitppc/bin/../lib/gcc/powerpc-gekko/4.2.4/../../../../powerpc-gekko/lib\libm.a(lib_a-sf_ldexp.o)
                0x80006ee0                ldexpf
 .text          0x8000702c      0x408 c:/devkitpro/devkitppc/bin/../lib/gcc/powerpc-gekko/4.2.4\libgcc.a(_udivdi3.o)
                0x8000702c                __udivdi3
 .text          0x80007434       0x28 c:/devkitpro/devkitppc/bin/../lib/gcc/powerpc-gekko/4.2.4/../../../../powerpc-gekko/lib\libsysbase.a(abort.o)
                0x80007434                abort
 .text          0x8000745c      0x2c4 c:/devkitpro/devkitppc/bin/../lib/gcc/powerpc-gekko/4.2.4/../../../../powerpc-gekko/lib\libsysbase.a(iosupport.o)
                0x800076d0                RemoveDevice
                0x8000745c                setDefaultDevice
                0x80007474                AddDevice
                0x8000768c                GetDeviceOpTab
                0x8000759c                FindDevice
 .text          0x80007720       0x28 c:/devkitpro/devkitppc/bin/../lib/gcc/powerpc-gekko/4.2.4/../../../../powerpc-gekko/lib\libsysbase.a(_exit.o)
                0x80007720                _exit
 .text          0x80007748       0x9c c:/devkitpro/devkitppc/bin/../lib/gcc/powerpc-gekko/4.2.4/../../../../powerpc-gekko/lib\libsysbase.a(build_argv.o)
                0x80007748                build_argv
 .text          0x800077e4      0x168 c:/devkitpro/devkitppc/bin/../lib/gcc/powerpc-gekko/4.2.4/../../../../powerpc-gekko/lib\libsysbase.a(syscall_support.o)
                0x80007918                __malloc_unlock
                0x80007864                __libc_lock_release
                0x800077e4                __libc_lock_init
                0x800078e4                __malloc_lock
                0x80007824                __libc_lock_close
                0x800078a4                __libc_lock_acquire
 .text          0x8000794c       0x50 c:/devkitpro/devkitppc/bin/../lib/gcc/powerpc-gekko/4.2.4/../../../../powerpc-gekko/lib\libc.a(lib_a-atoi.o)
                0x8000794c                _atoi_r
                0x80007974                atoi
 .text          0x8000799c       0x34 c:/devkitpro/devkitppc/bin/../lib/gcc/powerpc-gekko/4.2.4/../../../../powerpc-gekko/lib\libc.a(lib_a-calloc.o)
                0x8000799c                calloc
 .text          0x800079d0       0xd0 c:/devkitpro/devkitppc/bin/../lib/gcc/powerpc-gekko/4.2.4/../../../../powerpc-gekko/lib\libc.a(lib_a-callocr.o)
                0x800079d0                _calloc_r
 .text          0x80007aa0        0xc c:/devkitpro/devkitppc/bin/../lib/gcc/powerpc-gekko/4.2.4/../../../../powerpc-gekko/lib\libc.a(lib_a-errno.o)
                0x80007aa0                __errno
 .text          0x80007aac       0x40 c:/devkitpro/devkitppc/bin/../lib/gcc/powerpc-gekko/4.2.4/../../../../powerpc-gekko/lib\libc.a(lib_a-exit.o)
                0x80007aac                exit
 .text          0x80007aec      0x350 c:/devkitpro/devkitppc/bin/../lib/gcc/powerpc-gekko/4.2.4/../../../../powerpc-gekko/lib\libc.a(lib_a-fflush.o)
                0x80007dec                fflush
                0x80007aec                _fflush_r
 .text          0x80007e3c      0x4ac c:/devkitpro/devkitppc/bin/../lib/gcc/powerpc-gekko/4.2.4/../../../../powerpc-gekko/lib\libc.a(lib_a-findfp.o)
                0x80008028                __sinit
                0x80008148                __sfmoreglue
                0x80007e64                _cleanup
                0x80007e3c                _cleanup_r
                0x80008114                __fp_lock_all
                0x800080c4                __sfp_lock_acquire
                0x800081c0                __sfp
                0x80007ed0                __sinit_lock_release
                0x80007f24                __fp_unlock_all
                0x80007ef8                __sfp_lock_release
                0x80007fdc                __sinit_lock_acquire
 .text          0x800082e8      0x110 c:/devkitpro/devkitppc/bin/../lib/gcc/powerpc-gekko/4.2.4/../../../../powerpc-gekko/lib\libc.a(lib_a-fprintf.o)
                0x800082e8                fprintf
                0x8000837c                _fprintf_r
 .text          0x800083f8      0x3f8 c:/devkitpro/devkitppc/bin/../lib/gcc/powerpc-gekko/4.2.4/../../../../powerpc-gekko/lib\libc.a(lib_a-freer.o)
                0x80008514                _free_r
                0x800083f8                _malloc_trim_r
 .text          0x800087f0      0x20c c:/devkitpro/devkitppc/bin/../lib/gcc/powerpc-gekko/4.2.4/../../../../powerpc-gekko/lib\libc.a(lib_a-fwalk.o)
                0x800088fc                _fwalk
                0x800087f0                _fwalk_reent
 .text          0x800089fc      0x17c c:/devkitpro/devkitppc/bin/../lib/gcc/powerpc-gekko/4.2.4/../../../../powerpc-gekko/lib\libc.a(lib_a-fwrite.o)
                0x800089fc                _fwrite_r
                0x80008b50                fwrite
 .text          0x80008b78       0x34 c:/devkitpro/devkitppc/bin/../lib/gcc/powerpc-gekko/4.2.4/../../../../powerpc-gekko/lib\libc.a(lib_a-malign.o)
                0x80008b78                memalign
 .text          0x80008bac      0x1b0 c:/devkitpro/devkitppc/bin/../lib/gcc/powerpc-gekko/4.2.4/../../../../powerpc-gekko/lib\libc.a(lib_a-malignr.o)
                0x80008bac                _memalign_r
 .text          0x80008d5c       0x58 c:/devkitpro/devkitppc/bin/../lib/gcc/powerpc-gekko/4.2.4/../../../../powerpc-gekko/lib\libc.a(lib_a-malloc.o)
                0x80008d88                malloc
                0x80008d5c                free
 .text          0x80008db4      0x86c c:/devkitpro/devkitppc/bin/../lib/gcc/powerpc-gekko/4.2.4/../../../../powerpc-gekko/lib\libc.a(lib_a-mallocr.o)
                0x80008db4                _malloc_r
 .text          0x80009620       0x8c c:/devkitpro/devkitppc/bin/../lib/gcc/powerpc-gekko/4.2.4/../../../../powerpc-gekko/lib\libc.a(lib_a-memcmp.o)
                0x80009620                memcmp
 .text          0x800096ac       0xc8 c:/devkitpro/devkitppc/bin/../lib/gcc/powerpc-gekko/4.2.4/../../../../powerpc-gekko/lib\libc.a(lib_a-memcpy.o)
                0x800096ac                memcpy
 .text          0x80009774      0x104 c:/devkitpro/devkitppc/bin/../lib/gcc/powerpc-gekko/4.2.4/../../../../powerpc-gekko/lib\libc.a(lib_a-memmove.o)
                0x80009774                memmove
 .text          0x80009878       0xac c:/devkitpro/devkitppc/bin/../lib/gcc/powerpc-gekko/4.2.4/../../../../powerpc-gekko/lib\libc.a(lib_a-memset.o)
                0x80009878                memset
 .text          0x80009924      0x124 c:/devkitpro/devkitppc/bin/../lib/gcc/powerpc-gekko/4.2.4/../../../../powerpc-gekko/lib\libc.a(lib_a-printf.o)
                0x80009924                printf
                0x800099bc                _printf_r
 .text          0x80009a48       0xa8 c:/devkitpro/devkitppc/bin/../lib/gcc/powerpc-gekko/4.2.4/../../../../powerpc-gekko/lib\libc.a(lib_a-puts.o)
                0x80009a48                _puts_r
                0x80009ae0                puts
 .text          0x80009af0      0x248 c:/devkitpro/devkitppc/bin/../lib/gcc/powerpc-gekko/4.2.4/../../../../powerpc-gekko/lib\libc.a(lib_a-reent.o)
                0x80009bb0                cleanup_glue
                0x80009c00                _reclaim_reent
                0x80009af0                _wrapup_reent
 .text          0x80009d38      0x2cc c:/devkitpro/devkitppc/bin/../lib/gcc/powerpc-gekko/4.2.4/../../../../powerpc-gekko/lib\libc.a(lib_a-setvbuf.o)
                0x80009d38                setvbuf
 .text          0x8000a004      0x230 c:/devkitpro/devkitppc/bin/../lib/gcc/powerpc-gekko/4.2.4/../../../../powerpc-gekko/lib\libc.a(lib_a-snprintf.o)
                0x8000a004                snprintf
                0x8000a11c                _snprintf_r
 .text          0x8000a234      0x184 c:/devkitpro/devkitppc/bin/../lib/gcc/powerpc-gekko/4.2.4/../../../../powerpc-gekko/lib\libc.a(lib_a-stdio.o)
                0x8000a258                __sseek
                0x8000a354                __sread
                0x8000a234                __sclose
                0x8000a2c8                __swrite
 .text          0x8000a3b8       0xf0 c:/devkitpro/devkitppc/bin/../lib/gcc/powerpc-gekko/4.2.4/../../../../powerpc-gekko/lib\libc.a(lib_a-strchr.o)
                0x8000a3b8                strchr
 .text          0x8000a4a8       0xc0 c:/devkitpro/devkitppc/bin/../lib/gcc/powerpc-gekko/4.2.4/../../../../powerpc-gekko/lib\libc.a(lib_a-strcmp.o)
                0x8000a4a8                strcmp
 .text          0x8000a568       0x74 c:/devkitpro/devkitppc/bin/../lib/gcc/powerpc-gekko/4.2.4/../../../../powerpc-gekko/lib\libc.a(lib_a-strcpy.o)
                0x8000a568                strcpy
 .text          0x8000a5dc      0x454 c:/devkitpro/devkitppc/bin/../lib/gcc/powerpc-gekko/4.2.4/../../../../powerpc-gekko/lib\libc.a(lib_a-strerror.o)
                0x8000a5dc                strerror
 .text          0x8000aa30       0x64 c:/devkitpro/devkitppc/bin/../lib/gcc/powerpc-gekko/4.2.4/../../../../powerpc-gekko/lib\libc.a(lib_a-strlen.o)
                0x8000aa30                strlen
 .text          0x8000aa94      0x144 c:/devkitpro/devkitppc/bin/../lib/gcc/powerpc-gekko/4.2.4/../../../../powerpc-gekko/lib\libc.a(lib_a-strncmp.o)
                0x8000aa94                strncmp
 .text          0x8000abd8       0x44 c:/devkitpro/devkitppc/bin/../lib/gcc/powerpc-gekko/4.2.4/../../../../powerpc-gekko/lib\libc.a(lib_a-strnlen.o)
                0x8000abd8                strnlen
 .text          0x8000ac1c       0x30 c:/devkitpro/devkitppc/bin/../lib/gcc/powerpc-gekko/4.2.4/../../../../powerpc-gekko/lib\libc.a(lib_a-strtok.o)
                0x8000ac1c                strtok
 .text          0x8000ac4c       0xc4 c:/devkitpro/devkitppc/bin/../lib/gcc/powerpc-gekko/4.2.4/../../../../powerpc-gekko/lib\libc.a(lib_a-strtok_r.o)
                0x8000ad08                strtok_r
                0x8000ac4c                __strtok_r
 .text          0x8000ad10      0x200 c:/devkitpro/devkitppc/bin/../lib/gcc/powerpc-gekko/4.2.4/../../../../powerpc-gekko/lib\libc.a(lib_a-strtol.o)
                0x8000aef0                strtol
                0x8000ad10                _strtol_r
 .text          0x8000af10      0x1ec c:/devkitpro/devkitppc/bin/../lib/gcc/powerpc-gekko/4.2.4/../../../../powerpc-gekko/lib\libc.a(lib_a-strtoul.o)
                0x8000b0dc                strtoul
                0x8000af10                _strtoul_r
 .text          0x8000b0fc      0x288 c:/devkitpro/devkitppc/bin/../lib/gcc/powerpc-gekko/4.2.4/../../../../powerpc-gekko/lib\libc.a(lib_a-strtoull_r.o)
                0x8000b0fc                _strtoull_r
 .text          0x8000b384       0x3c c:/devkitpro/devkitppc/bin/../lib/gcc/powerpc-gekko/4.2.4/../../../../powerpc-gekko/lib\libc.a(lib_a-syswrite.o)
                0x8000b384                write
 .text          0x8000b3c0        0x8 c:/devkitpro/devkitppc/bin/../lib/gcc/powerpc-gekko/4.2.4/../../../../powerpc-gekko/lib\libc.a(lib_a-u_strerr.o)
                0x8000b3c0                _user_strerror
 .text          0x8000b3c8     0x2344 c:/devkitpro/devkitppc/bin/../lib/gcc/powerpc-gekko/4.2.4/../../../../powerpc-gekko/lib\libc.a(lib_a-vfprintf.o)
                0x8000b428                _vfprintf_r
                0x8000d6ec                vfprintf
 .text          0x8000d70c       0xa4 c:/devkitpro/devkitppc/bin/../lib/gcc/powerpc-gekko/4.2.4/../../../../powerpc-gekko/lib\libc.a(lib_a-wcrtomb.o)
                0x8000d70c                _wcrtomb_r
                0x8000d790                wcrtomb
 .text          0x8000d7b0      0x1d8 c:/devkitpro/devkitppc/bin/../lib/gcc/powerpc-gekko/4.2.4/../../../../powerpc-gekko/lib\libc.a(lib_a-wcsrtombs.o)
                0x8000d7b0                _wcsrtombs_r
                0x8000d960                wcsrtombs
 .text          0x8000d988      0x464 c:/devkitpro/devkitppc/bin/../lib/gcc/powerpc-gekko/4.2.4/../../../../powerpc-gekko/lib\libc.a(lib_a-wctomb_r.o)
                0x8000d988                _wctomb_r
 .text          0x8000ddec      0x178 c:/devkitpro/devkitppc/bin/../lib/gcc/powerpc-gekko/4.2.4/../../../../powerpc-gekko/lib\libc.a(lib_a-wsetup.o)
                0x8000ddec                __swsetup_r
 .text          0x8000df64      0x1ac c:/devkitpro/devkitppc/bin/../lib/gcc/powerpc-gekko/4.2.4/../../../../powerpc-gekko/lib\libc.a(lib_a-__call_atexit.o)
                0x8000df64                __call_exitprocs
 .text          0x8000e110     0x1390 c:/devkitpro/devkitppc/bin/../lib/gcc/powerpc-gekko/4.2.4/../../../../powerpc-gekko/lib\libc.a(lib_a-dtoa.o)
                0x8000e34c                _dtoa_r
 .text          0x8000f4a0      0x188 c:/devkitpro/devkitppc/bin/../lib/gcc/powerpc-gekko/4.2.4/../../../../powerpc-gekko/lib\libc.a(lib_a-fclose.o)
                0x8000f4a0                _fclose_r
                0x8000f618                fclose
 .text          0x8000f628      0x528 c:/devkitpro/devkitppc/bin/../lib/gcc/powerpc-gekko/4.2.4/../../../../powerpc-gekko/lib\libc.a(lib_a-fvwrite.o)
                0x8000f628                __sfvwrite_r
 .text          0x8000fb50      0x4c4 c:/devkitpro/devkitppc/bin/../lib/gcc/powerpc-gekko/4.2.4/../../../../powerpc-gekko/lib\libc.a(lib_a-locale.o)
                0x8000fb74                _setlocale_r
                0x8000fb50                __locale_charset
                0x8000fb5c                _localeconv_r
                0x8000fffc                setlocale
                0x8000fb68                localeconv
 .text          0x80010014      0x1bc c:/devkitpro/devkitppc/bin/../lib/gcc/powerpc-gekko/4.2.4/../../../../powerpc-gekko/lib\libc.a(lib_a-makebuf.o)
                0x80010014                __smakebuf_r
 .text          0x800101d0      0x9a8 c:/devkitpro/devkitppc/bin/../lib/gcc/powerpc-gekko/4.2.4/../../../../powerpc-gekko/lib\libc.a(lib_a-mbtowc_r.o)
                0x800101d0                _mbtowc_r
 .text          0x80010b78       0xf4 c:/devkitpro/devkitppc/bin/../lib/gcc/powerpc-gekko/4.2.4/../../../../powerpc-gekko/lib\libc.a(lib_a-memchr.o)
                0x80010b78                memchr
 .text          0x80010c6c     0x1114 c:/devkitpro/devkitppc/bin/../lib/gcc/powerpc-gekko/4.2.4/../../../../powerpc-gekko/lib\libc.a(lib_a-mprec.o)
                0x800110d4                _mprec_log10
                0x80011178                __any_on
                0x80011218                _Balloc
                0x80011010                __ratio
                0x800119d8                __i2b
                0x80010ec0                __b2d
                0x80011c58                __s2b
                0x80010dc0                __mcmp
                0x80010c90                __hi0bits
                0x80011b2c                __pow5mult
                0x8001163c                __lshift
                0x800117a4                __multiply
                0x800112e8                __d2b
                0x80011110                __copybits
                0x80010e20                __ulp
                0x80011490                __mdiff
                0x80010cfc                __lo0bits
                0x80011a14                __multadd
                0x80010c6c                _Bfree
 .text          0x80011d80      0x668 c:/devkitpro/devkitppc/bin/../lib/gcc/powerpc-gekko/4.2.4/../../../../powerpc-gekko/lib\libc.a(lib_a-reallocr.o)
                0x80011d80                _realloc_r
 .text          0x800123e8       0x44 c:/devkitpro/devkitppc/bin/../lib/gcc/powerpc-gekko/4.2.4/../../../../powerpc-gekko/lib\libc.a(lib_a-s_isinfd.o)
                0x800123e8                __isinfd
 .text          0x8001242c       0x38 c:/devkitpro/devkitppc/bin/../lib/gcc/powerpc-gekko/4.2.4/../../../../powerpc-gekko/lib\libc.a(lib_a-s_isnand.o)
                0x8001242c                __isnand
 .text          0x80012464       0xa0 c:/devkitpro/devkitppc/bin/../lib/gcc/powerpc-gekko/4.2.4/../../../../powerpc-gekko/lib\libsysbase.a(close.o)
                0x80012464                _close_r
 .text          0x80012504       0xc8 c:/devkitpro/devkitppc/bin/../lib/gcc/powerpc-gekko/4.2.4/../../../../powerpc-gekko/lib\libsysbase.a(fstat.o)
                0x80012504                _fstat_r
 .text          0x800125cc        0x8 c:/devkitpro/devkitppc/bin/../lib/gcc/powerpc-gekko/4.2.4/../../../../powerpc-gekko/lib\libsysbase.a(isatty.o)
                0x800125cc                isatty
 .text          0x800125d4       0xe8 c:/devkitpro/devkitppc/bin/../lib/gcc/powerpc-gekko/4.2.4/../../../../powerpc-gekko/lib\libsysbase.a(lseek.o)
                0x800125d4                _lseek_r
 .text          0x800126bc       0xcc c:/devkitpro/devkitppc/bin/../lib/gcc/powerpc-gekko/4.2.4/../../../../powerpc-gekko/lib\libsysbase.a(read.o)
                0x800126bc                _read_r
 .text          0x80012788       0x50 c:/devkitpro/devkitppc/bin/../lib/gcc/powerpc-gekko/4.2.4/../../../../powerpc-gekko/lib\libsysbase.a(sbrk.o)
                0x80012788                _sbrk_r
 .text          0x800127d8       0xcc c:/devkitpro/devkitppc/bin/../lib/gcc/powerpc-gekko/4.2.4/../../../../powerpc-gekko/lib\libsysbase.a(write.o)
                0x800127d8                _write_r
 .text          0x800128a4       0x6c c:/devkitpro/devkitppc/bin/../lib/gcc/powerpc-gekko/4.2.4/../../../../powerpc-gekko/lib\libsysbase.a(flock.o)
                0x800128c8                __flockfile
                0x800128a4                __funlockfile
 .text          0x80012910      0x120 c:/devkitpro/devkitppc/bin/../lib/gcc/powerpc-gekko/4.2.4/../../../../powerpc-gekko/lib\libsysbase.a(handle_manager.o)
                0x800129d4                __release_handle
                0x8001293c                __alloc_handle
                0x80012910                __get_handle
 .text          0x80012a30      0x450 c:/devkitpro/devkitppc/bin/../lib/gcc/powerpc-gekko/4.2.4\libgcc.a(_umoddi3.o)
                0x80012a30                __umoddi3
 .text          0x80012e80       0x6c c:/devkitpro/devkitppc/bin/../lib/gcc/powerpc-gekko/4.2.4/crtend.o
 *(.text.*)
 .text.main     0x80012eec      0x124 helloworld.o
                0x80012eec                main
 .text.irclisten
                0x80013010      0x3f4 irc.o
                0x80013010                irclisten
 .text.ircconnect
                0x80013404      0x360 irc.o
                0x80013404                ircconnect
 .text.initialise_network
                0x80013764      0x138 irc.o
                0x80013764                initialise_network
 .text.check_gamecube
                0x8001389c       0x70 pad.o
                0x8001389c                check_gamecube
 .text.check_wiimote
                0x8001390c       0x50 pad.o
                0x8001390c                check_wiimote
 .text.check_reset_synchronous
                0x8001395c       0x58 reset.o
                0x8001395c                check_reset_synchronous
 .text.tcpconnect
                0x800139b4      0x258 tcpflood.o
                0x800139b4                tcpconnect
 .text.tcpflood
                0x80013c0c      0x104 tcpflood.o
                0x80013c0c                tcpflood
 .text.__wpad_assign_slot
                0x80013d10      0x24c c:/devkitPro/libogc/lib/wii\libwiiuse.a(wpad.o)
                0x80013d10                __wpad_assign_slot
 .text.__wpad_disconnectCB
                0x80013f5c      0x100 c:/devkitPro/libogc/lib/wii\libwiiuse.a(wpad.o)
                0x80013f5c                __wpad_disconnectCB
 .text.WPAD_ButtonsDown
                0x8001405c       0x28 c:/devkitPro/libogc/lib/wii\libwiiuse.a(wpad.o)
                0x8001405c                WPAD_ButtonsDown
 .text.__wpad_disconnect
                0x80014084       0x58 c:/devkitPro/libogc/lib/wii\libwiiuse.a(wpad.o)
 .text.WPAD_Shutdown
                0x800140dc      0x100 c:/devkitPro/libogc/lib/wii\libwiiuse.a(wpad.o)
                0x800140dc                WPAD_Shutdown
 .text.__wpad_onreset
                0x800141dc       0x2c c:/devkitPro/libogc/lib/wii\libwiiuse.a(wpad.o)
 .text.__wpad_timeouthandler
                0x80014208       0xb8 c:/devkitPro/libogc/lib/wii\libwiiuse.a(wpad.o)
 .text.__wpad_def_powcb
                0x800142c0       0x20 c:/devkitPro/libogc/lib/wii\libwiiuse.a(wpad.o)
 .text.__wpad_setfmt
                0x800142e0      0x110 c:/devkitPro/libogc/lib/wii\libwiiuse.a(wpad.o)
 .text.WPAD_ReadEvent
                0x800143f0      0x5a4 c:/devkitPro/libogc/lib/wii\libwiiuse.a(wpad.o)
                0x800143f0                WPAD_ReadEvent
 .text.WPAD_ReadPending
                0x80014994      0x16c c:/devkitPro/libogc/lib/wii\libwiiuse.a(wpad.o)
                0x80014994                WPAD_ReadPending
 .text.WPAD_ScanPads
                0x80014b00        0xc c:/devkitPro/libogc/lib/wii\libwiiuse.a(wpad.o)
                0x80014b00                WPAD_ScanPads
 .text.WPAD_Init
                0x80014b0c      0x20c c:/devkitPro/libogc/lib/wii\libwiiuse.a(wpad.o)
                0x80014b0c                WPAD_Init
 .text.__initcore_finished
                0x80014d18       0x40 c:/devkitPro/libogc/lib/wii\libwiiuse.a(wpad.o)
 .text.__readlinkkey_finished
                0x80014d58       0x38 c:/devkitPro/libogc/lib/wii\libwiiuse.a(wpad.o)
 .text.__wpad_patch_finished
                0x80014d90       0x2c c:/devkitPro/libogc/lib/wii\libwiiuse.a(wpad.o)
 .text.__wpad_init_finished
                0x80014dbc      0x1d4 c:/devkitPro/libogc/lib/wii\libwiiuse.a(wpad.o)
 .text.__wpad_eventCB
                0x80014f90      0x998 c:/devkitPro/libogc/lib/wii\libwiiuse.a(wpad.o)
 .text.calculate_gforce
                0x80015928       0xfc c:/devkitPro/libogc/lib/wii\libwiiuse.a(dynamics.o)
                0x80015928                calculate_gforce
 .text.calc_balanceboard_state
                0x80015a24      0x380 c:/devkitPro/libogc/lib/wii\libwiiuse.a(dynamics.o)
                0x80015a24                calc_balanceboard_state
 .text.apply_smoothing
                0x80015da4      0x184 c:/devkitPro/libogc/lib/wii\libwiiuse.a(dynamics.o)
                0x80015da4                apply_smoothing
 .text.calc_joystick_state
                0x80015f28      0x274 c:/devkitPro/libogc/lib/wii\libwiiuse.a(dynamics.o)
                0x80015f28                calc_joystick_state
 .text.calculate_orientation
                0x8001619c      0x2ec c:/devkitPro/libogc/lib/wii\libwiiuse.a(dynamics.o)
                0x8001619c                calculate_orientation
 .text.wiiuse_io_write
                0x80016488       0x44 c:/devkitPro/libogc/lib/wii\libwiiuse.a(io_wii.o)
                0x80016488                wiiuse_io_write
 .text.__wiiuse_disconnected
                0x800164cc       0xb0 c:/devkitPro/libogc/lib/wii\libwiiuse.a(io_wii.o)
 .text.__wiiuse_sent
                0x8001657c       0xc4 c:/devkitPro/libogc/lib/wii\libwiiuse.a(io_wii.o)
 .text.wiiuse_init_cmd_queue
                0x80016640       0x4c c:/devkitPro/libogc/lib/wii\libwiiuse.a(io_wii.o)
                0x80016640                wiiuse_init_cmd_queue
 .text.wiiuse_disconnect
                0x8001668c       0x40 c:/devkitPro/libogc/lib/wii\libwiiuse.a(io_wii.o)
                0x8001668c                wiiuse_disconnect
 .text.wiiuse_register
                0x800166cc       0xe4 c:/devkitPro/libogc/lib/wii\libwiiuse.a(io_wii.o)
                0x800166cc                wiiuse_register
 .text.__wiiuse_connected
                0x800167b0       0x9c c:/devkitPro/libogc/lib/wii\libwiiuse.a(io_wii.o)
 .text.__wiiuse_receive
                0x8001684c       0xc8 c:/devkitPro/libogc/lib/wii\libwiiuse.a(io_wii.o)
 .text.__wiiuse_sensorbar_enable
                0x80016914       0x50 c:/devkitPro/libogc/lib/wii\libwiiuse.a(io_wii.o)
                0x80016914                __wiiuse_sensorbar_enable
 .text.get_ir_sens
                0x80016964       0xec c:/devkitPro/libogc/lib/wii\libwiiuse.a(ir.o)
 .text.wiiuse_set_ir_position
                0x80016a50       0x80 c:/devkitPro/libogc/lib/wii\libwiiuse.a(ir.o)
                0x80016a50                wiiuse_set_ir_position
 .text.wiiuse_set_aspect_ratio
                0x80016ad0       0x44 c:/devkitPro/libogc/lib/wii\libwiiuse.a(ir.o)
                0x80016ad0                wiiuse_set_aspect_ratio
 .text.calculate_basic_ir
                0x80016b14       0xf4 c:/devkitPro/libogc/lib/wii\libwiiuse.a(ir.o)
                0x80016b14                calculate_basic_ir
 .text.calculate_extended_ir
                0x80016c08       0x70 c:/devkitPro/libogc/lib/wii\libwiiuse.a(ir.o)
                0x80016c08                calculate_extended_ir
 .text.calc_yaw
                0x80016c78       0x54 c:/devkitPro/libogc/lib/wii\libwiiuse.a(ir.o)
                0x80016c78                calc_yaw
 .text.apply_ir_smoothing
                0x80016ccc       0xf4 c:/devkitPro/libogc/lib/wii\libwiiuse.a(ir.o)
                0x80016ccc                apply_ir_smoothing
 .text.rotate_dots
                0x80016dc0      0x120 c:/devkitPro/libogc/lib/wii\libwiiuse.a(ir.o)
 .text.find_sensorbar
                0x80016ee0      0x970 c:/devkitPro/libogc/lib/wii\libwiiuse.a(ir.o)
                0x80016ee0                find_sensorbar
 .text.interpret_ir_data
                0x80017850      0x33c c:/devkitPro/libogc/lib/wii\libwiiuse.a(ir.o)
                0x80017850                interpret_ir_data
 .text.wiiuse_set_ir_sensitivity
                0x80017b8c      0x118 c:/devkitPro/libogc/lib/wii\libwiiuse.a(ir.o)
                0x80017b8c                wiiuse_set_ir_sensitivity
 .text.wiiuse_set_ir_mode
                0x80017ca4       0x6c c:/devkitPro/libogc/lib/wii\libwiiuse.a(ir.o)
                0x80017ca4                wiiuse_set_ir_mode
 .text.wiiuse_set_ir
                0x80017d10      0x21c c:/devkitPro/libogc/lib/wii\libwiiuse.a(ir.o)
                0x80017d10                wiiuse_set_ir
 .text.wiiuse_set_flags
                0x80017f2c       0x20 c:/devkitPro/libogc/lib/wii\libwiiuse.a(wiiuse.o)
                0x80017f2c                wiiuse_set_flags
 .text.wiiuse_send_next_command
                0x80017f4c       0x6c c:/devkitPro/libogc/lib/wii\libwiiuse.a(wiiuse.o)
                0x80017f4c                wiiuse_send_next_command
 .text.wiiuse_write_data
                0x80017fb8      0x184 c:/devkitPro/libogc/lib/wii\libwiiuse.a(wiiuse.o)
                0x80017fb8                wiiuse_write_data
 .text.wiiuse_init
                0x8001813c      0x164 c:/devkitPro/libogc/lib/wii\libwiiuse.a(wiiuse.o)
                0x8001813c                wiiuse_init
 .text.wiiuse_sendcmd
                0x800182a0      0x10c c:/devkitPro/libogc/lib/wii\libwiiuse.a(wiiuse.o)
                0x800182a0                wiiuse_sendcmd
 .text.wiiuse_status
                0x800183ac       0x5c c:/devkitPro/libogc/lib/wii\libwiiuse.a(wiiuse.o)
                0x800183ac                wiiuse_status
 .text.wiiuse_motion_sensing
                0x80018408       0x54 c:/devkitPro/libogc/lib/wii\libwiiuse.a(wiiuse.o)
                0x80018408                wiiuse_motion_sensing
 .text.wiiuse_set_report_type
                0x8001845c      0x100 c:/devkitPro/libogc/lib/wii\libwiiuse.a(wiiuse.o)
                0x8001845c                wiiuse_set_report_type
 .text.wiiuse_set_leds
                0x8001855c       0x60 c:/devkitPro/libogc/lib/wii\libwiiuse.a(wiiuse.o)
                0x8001855c                wiiuse_set_leds
 .text.wiiuse_read_data
                0x800185bc      0x144 c:/devkitPro/libogc/lib/wii\libwiiuse.a(wiiuse.o)
                0x800185bc                wiiuse_read_data
 .text.wiiuse_pressed_buttons
                0x80018700       0x2c c:/devkitPro/libogc/lib/wii\libwiiuse.a(events.o)
                0x80018700                wiiuse_pressed_buttons
 .text.handle_expansion
                0x8001872c       0x94 c:/devkitPro/libogc/lib/wii\libwiiuse.a(events.o)
 .text.parse_event
                0x800187c0      0x518 c:/devkitPro/libogc/lib/wii\libwiiuse.a(events.o)
                0x800187c0                parse_event
 .text.guitar_hero_3_event
                0x80018cd8       0x50 c:/devkitPro/libogc/lib/wii\libwiiuse.a(guitar_hero_3.o)
                0x80018cd8                guitar_hero_3_event
 .text.guitar_hero_3_disconnected
                0x80018d28       0x28 c:/devkitPro/libogc/lib/wii\libwiiuse.a(guitar_hero_3.o)
                0x80018d28                guitar_hero_3_disconnected
 .text.guitar_hero_3_handshake
                0x80018d50       0xb4 c:/devkitPro/libogc/lib/wii\libwiiuse.a(guitar_hero_3.o)
                0x80018d50                guitar_hero_3_handshake
 .text.wiiuse_disable_expansion
                0x80018e04      0x170 c:/devkitPro/libogc/lib/wii\libwiiuse.a(io.o)
                0x80018e04                wiiuse_disable_expansion
 .text.wiiuse_handshake_expansion
                0x80018f74      0x238 c:/devkitPro/libogc/lib/wii\libwiiuse.a(io.o)
                0x80018f74                wiiuse_handshake_expansion
 .text.wiiuse_handshake_expansion_start
                0x800191ac       0x24 c:/devkitPro/libogc/lib/wii\libwiiuse.a(io.o)
                0x800191ac                wiiuse_handshake_expansion_start
 .text.wiiuse_handshake
                0x800191d0      0x164 c:/devkitPro/libogc/lib/wii\libwiiuse.a(io.o)
                0x800191d0                wiiuse_handshake
 .text.nunchuk_event
                0x80019334       0x88 c:/devkitPro/libogc/lib/wii\libwiiuse.a(nunchuk.o)
                0x80019334                nunchuk_event
 .text.nunchuk_disconnected
                0x800193bc       0x28 c:/devkitPro/libogc/lib/wii\libwiiuse.a(nunchuk.o)
                0x800193bc                nunchuk_disconnected
 .text.nunchuk_handshake
                0x800193e4      0x198 c:/devkitPro/libogc/lib/wii\libwiiuse.a(nunchuk.o)
                0x800193e4                nunchuk_handshake
 .text.wii_board_event
                0x8001957c       0x54 c:/devkitPro/libogc/lib/wii\libwiiuse.a(wiiboard.o)
                0x8001957c                wii_board_event
 .text.wii_board_disconnected
                0x800195d0       0x28 c:/devkitPro/libogc/lib/wii\libwiiuse.a(wiiboard.o)
                0x800195d0                wii_board_disconnected
 .text.wii_board_handshake
                0x800195f8      0x174 c:/devkitPro/libogc/lib/wii\libwiiuse.a(wiiboard.o)
                0x800195f8                wii_board_handshake
 .text.classic_ctrl_event
                0x8001976c       0xa4 c:/devkitPro/libogc/lib/wii\libwiiuse.a(classic.o)
                0x8001976c                classic_ctrl_event
 .text.classic_ctrl_disconnected
                0x80019810       0x28 c:/devkitPro/libogc/lib/wii\libwiiuse.a(classic.o)
                0x80019810                classic_ctrl_disconnected
 .text.classic_ctrl_handshake
                0x80019838      0x128 c:/devkitPro/libogc/lib/wii\libwiiuse.a(classic.o)
                0x80019838                classic_ctrl_handshake
 .text.bte_arg  0x80019960       0x38 c:/devkitPro/libogc/lib/wii\libbte.a(bte.o)
                0x80019960                bte_arg
 .text.bte_received
                0x80019998       0x38 c:/devkitPro/libogc/lib/wii\libbte.a(bte.o)
                0x80019998                bte_received
 .text.bte_disconnected
                0x800199d0       0x38 c:/devkitPro/libogc/lib/wii\libbte.a(bte.o)
                0x800199d0                bte_disconnected
 .text.acl_wlp_completed
                0x80019a08        0x8 c:/devkitPro/libogc/lib/wii\libbte.a(bte.o)
                0x80019a08                acl_wlp_completed
 .text.l2cap_accepted
                0x80019a10      0x10c c:/devkitPro/libogc/lib/wii\libbte.a(bte.o)
                0x80019a10                l2cap_accepted
 .text.l2cap_disconnected_ind
                0x80019b1c      0x174 c:/devkitPro/libogc/lib/wii\libbte.a(bte.o)
                0x80019b1c                l2cap_disconnected_ind
 .text.__bte_send_pending_request
                0x80019c90       0xdc c:/devkitPro/libogc/lib/wii\libbte.a(bte.o)
 .text.bte_process_input
                0x80019d6c      0x130 c:/devkitPro/libogc/lib/wii\libbte.a(bte.o)
 .text.__bte_send_request
                0x80019e9c       0xa4 c:/devkitPro/libogc/lib/wii\libbte.a(bte.o)
 .text.bte_disconnect
                0x80019f40       0xb4 c:/devkitPro/libogc/lib/wii\libbte.a(bte.o)
                0x80019f40                bte_disconnect
 .text.acl_conn_complete
                0x80019ff4       0x2c c:/devkitPro/libogc/lib/wii\libbte.a(bte.o)
                0x80019ff4                acl_conn_complete
 .text.bte_sendmessageasync
                0x8001a020      0x138 c:/devkitPro/libogc/lib/wii\libbte.a(bte.o)
                0x8001a020                bte_sendmessageasync
 .text.bte_registerdeviceasync
                0x8001a158      0x1c0 c:/devkitPro/libogc/lib/wii\libbte.a(bte.o)
                0x8001a158                bte_registerdeviceasync
 .text.bte_new  0x8001a318       0x60 c:/devkitPro/libogc/lib/wii\libbte.a(bte.o)
                0x8001a318                bte_new
 .text.BTE_SetDisconnectCallback
                0x8001a378       0x20 c:/devkitPro/libogc/lib/wii\libbte.a(bte.o)
                0x8001a378                BTE_SetDisconnectCallback
 .text.BTE_InitSub
                0x8001a398       0x94 c:/devkitPro/libogc/lib/wii\libbte.a(bte.o)
                0x8001a398                BTE_InitSub
 .text.BTE_ApplyPatch
                0x8001a42c       0xa8 c:/devkitPro/libogc/lib/wii\libbte.a(bte.o)
                0x8001a42c                BTE_ApplyPatch
 .text.BTE_InitCore
                0x8001a4d4       0x90 c:/devkitPro/libogc/lib/wii\libbte.a(bte.o)
                0x8001a4d4                BTE_InitCore
 .text.BTE_ReadStoredLinkKey
                0x8001a564       0x94 c:/devkitPro/libogc/lib/wii\libbte.a(bte.o)
                0x8001a564                BTE_ReadStoredLinkKey
 .text.BTE_Shutdown
                0x8001a5f8      0x114 c:/devkitPro/libogc/lib/wii\libbte.a(bte.o)
                0x8001a5f8                BTE_Shutdown
 .text.__bte_shutdown_finished
                0x8001a70c      0x118 c:/devkitPro/libogc/lib/wii\libbte.a(bte.o)
 .text.BTE_Init
                0x8001a824      0x134 c:/devkitPro/libogc/lib/wii\libbte.a(bte.o)
                0x8001a824                BTE_Init
 .text.bt_alarmhandler
                0x8001a958       0x60 c:/devkitPro/libogc/lib/wii\libbte.a(bte.o)
 .text.l2cap_disconnect_cfm
                0x8001a9b8      0x1ac c:/devkitPro/libogc/lib/wii\libbte.a(bte.o)
                0x8001a9b8                l2cap_disconnect_cfm
 .text.bte_hci_initsub_complete
                0x8001ab64      0x230 c:/devkitPro/libogc/lib/wii\libbte.a(bte.o)
                0x8001ab64                bte_hci_initsub_complete
 .text.bte_hci_patch_complete
                0x8001ad94      0x2b8 c:/devkitPro/libogc/lib/wii\libbte.a(bte.o)
                0x8001ad94                bte_hci_patch_complete
 .text.bte_hci_apply_patch_complete
                0x8001b04c      0x15c c:/devkitPro/libogc/lib/wii\libbte.a(bte.o)
                0x8001b04c                bte_hci_apply_patch_complete
 .text.bte_hci_initcore_complete
                0x8001b1a8      0x208 c:/devkitPro/libogc/lib/wii\libbte.a(bte.o)
                0x8001b1a8                bte_hci_initcore_complete
 .text.bte_hci_initcore_complete2
                0x8001b3b0      0x1e4 c:/devkitPro/libogc/lib/wii\libbte.a(bte.o)
                0x8001b3b0                bte_hci_initcore_complete2
 .text.bte_read_stored_link_key_complete
                0x8001b594      0x264 c:/devkitPro/libogc/lib/wii\libbte.a(bte.o)
                0x8001b594                bte_read_stored_link_key_complete
 .text.hci_get_link
                0x8001b7f8       0x88 c:/devkitPro/libogc/lib/wii\libbte.a(hci.o)
                0x8001b7f8                hci_get_link
 .text.hci_arg  0x8001b880       0x10 c:/devkitPro/libogc/lib/wii\libbte.a(hci.o)
                0x8001b880                hci_arg
 .text.hci_cmd_complete
                0x8001b890       0x10 c:/devkitPro/libogc/lib/wii\libbte.a(hci.o)
                0x8001b890                hci_cmd_complete
 .text.hci_connection_complete
                0x8001b8a0       0x10 c:/devkitPro/libogc/lib/wii\libbte.a(hci.o)
                0x8001b8a0                hci_connection_complete
 .text.hci_wlp_complete
                0x8001b8b0       0x10 c:/devkitPro/libogc/lib/wii\libbte.a(hci.o)
                0x8001b8b0                hci_wlp_complete
 .text.hci_cmd_ass
                0x8001b8c0       0x4c c:/devkitPro/libogc/lib/wii\libbte.a(hci.o)
                0x8001b8c0                hci_cmd_ass
 .text.lp_pdu_maxsize
                0x8001b90c       0x10 c:/devkitPro/libogc/lib/wii\libbte.a(hci.o)
                0x8001b90c                lp_pdu_maxsize
 .text.hci_host_num_comp_packets
                0x8001b91c       0xcc c:/devkitPro/libogc/lib/wii\libbte.a(hci.o)
                0x8001b91c                hci_host_num_comp_packets
 .text.hci_write_cod
                0x8001b9e8       0x8c c:/devkitPro/libogc/lib/wii\libbte.a(hci.o)
                0x8001b9e8                hci_write_cod
 .text.hci_disconnect
                0x8001ba74       0xb8 c:/devkitPro/libogc/lib/wii\libbte.a(hci.o)
                0x8001ba74                hci_disconnect
 .text.hci_pin_code_request_neg_reply
                0x8001bb2c       0x8c c:/devkitPro/libogc/lib/wii\libbte.a(hci.o)
                0x8001bb2c                hci_pin_code_request_neg_reply
 .text.hci_vendor_specific_command
                0x8001bbb8       0xb8 c:/devkitPro/libogc/lib/wii\libbte.a(hci.o)
                0x8001bbb8                hci_vendor_specific_command
 .text.hci_write_inquiry_scan_type
                0x8001bc70       0x80 c:/devkitPro/libogc/lib/wii\libbte.a(hci.o)
                0x8001bc70                hci_write_inquiry_scan_type
 .text.hci_write_page_scan_type
                0x8001bcf0       0x80 c:/devkitPro/libogc/lib/wii\libbte.a(hci.o)
                0x8001bcf0                hci_write_page_scan_type
 .text.hci_write_inquiry_mode
                0x8001bd70       0x80 c:/devkitPro/libogc/lib/wii\libbte.a(hci.o)
                0x8001bd70                hci_write_inquiry_mode
 .text.hci_write_pin_type
                0x8001bdf0       0x80 c:/devkitPro/libogc/lib/wii\libbte.a(hci.o)
                0x8001bdf0                hci_write_pin_type
 .text.hci_write_local_name
                0x8001be70       0x9c c:/devkitPro/libogc/lib/wii\libbte.a(hci.o)
                0x8001be70                hci_write_local_name
 .text.hci_accecpt_conn_request
                0x8001bf0c       0xa0 c:/devkitPro/libogc/lib/wii\libbte.a(hci.o)
                0x8001bf0c                hci_accecpt_conn_request
 .text.hci_write_scan_enable
                0x8001bfac       0x80 c:/devkitPro/libogc/lib/wii\libbte.a(hci.o)
                0x8001bfac                hci_write_scan_enable
 .text.hci_read_local_features
                0x8001c02c       0x6c c:/devkitPro/libogc/lib/wii\libbte.a(hci.o)
                0x8001c02c                hci_read_local_features
 .text.hci_read_local_version
                0x8001c098       0x6c c:/devkitPro/libogc/lib/wii\libbte.a(hci.o)
                0x8001c098                hci_read_local_version
 .text.hci_read_bd_addr
                0x8001c104       0x6c c:/devkitPro/libogc/lib/wii\libbte.a(hci.o)
                0x8001c104                hci_read_bd_addr
 .text.hci_read_buffer_size
                0x8001c170       0x6c c:/devkitPro/libogc/lib/wii\libbte.a(hci.o)
                0x8001c170                hci_read_buffer_size
 .text.hci_reset
                0x8001c1dc       0x6c c:/devkitPro/libogc/lib/wii\libbte.a(hci.o)
                0x8001c1dc                hci_reset
 .text.lp_acl_write
                0x8001c248      0x180 c:/devkitPro/libogc/lib/wii\libbte.a(hci.o)
                0x8001c248                lp_acl_write
 .text.hci_new  0x8001c3c8       0x54 c:/devkitPro/libogc/lib/wii\libbte.a(hci.o)
                0x8001c3c8                hci_new
 .text.hci_read_stored_link_key
                0x8001c41c       0xd4 c:/devkitPro/libogc/lib/wii\libbte.a(hci.o)
                0x8001c41c                hci_read_stored_link_key
 .text.hci_close
                0x8001c4f0       0xec c:/devkitPro/libogc/lib/wii\libbte.a(hci.o)
                0x8001c4f0                hci_close
 .text.hci_init
                0x8001c5dc       0xa0 c:/devkitPro/libogc/lib/wii\libbte.a(hci.o)
                0x8001c5dc                hci_init
 .text.hci_reset_all
                0x8001c67c       0xd4 c:/devkitPro/libogc/lib/wii\libbte.a(hci.o)
                0x8001c67c                hci_reset_all
 .text.hci_write_page_timeout
                0x8001c750       0x90 c:/devkitPro/libogc/lib/wii\libbte.a(hci.o)
                0x8001c750                hci_write_page_timeout
 .text.hci_acldata_handler
                0x8001c7e0      0x138 c:/devkitPro/libogc/lib/wii\libbte.a(hci.o)
                0x8001c7e0                hci_acldata_handler
 .text.hci_event_handler
                0x8001c918      0xb98 c:/devkitPro/libogc/lib/wii\libbte.a(hci.o)
                0x8001c918                hci_event_handler
 .text.lp_write_flush_timeout
                0x8001d4b0       0xc0 c:/devkitPro/libogc/lib/wii\libbte.a(hci.o)
                0x8001d4b0                lp_write_flush_timeout
 .text.hci_host_buffer_size
                0x8001d570       0xd0 c:/devkitPro/libogc/lib/wii\libbte.a(hci.o)
                0x8001d570                hci_host_buffer_size
 .text.hci_write_link_policy_settings
                0x8001d640       0xc0 c:/devkitPro/libogc/lib/wii\libbte.a(hci.o)
                0x8001d640                hci_write_link_policy_settings
 .text.l2cap_cid_alloc
                0x8001d700       0x60 c:/devkitPro/libogc/lib/wii\libbte.a(l2cap.o)
 .text.lp_connect_ind
                0x8001d760        0x4 c:/devkitPro/libogc/lib/wii\libbte.a(l2cap.o)
                0x8001d760                lp_connect_ind
 .text.l2cap_disconnect_bb
                0x8001d764       0x14 c:/devkitPro/libogc/lib/wii\libbte.a(l2cap.o)
                0x8001d764                l2cap_disconnect_bb
 .text.l2cap_next_sigid
                0x8001d778       0x2c c:/devkitPro/libogc/lib/wii\libbte.a(l2cap.o)
                0x8001d778                l2cap_next_sigid
 .text.l2cap_arg
                0x8001d7a4        0x8 c:/devkitPro/libogc/lib/wii\libbte.a(l2cap.o)
                0x8001d7a4                l2cap_arg
 .text.l2cap_disconnect_ind
                0x8001d7ac        0x8 c:/devkitPro/libogc/lib/wii\libbte.a(l2cap.o)
                0x8001d7ac                l2cap_disconnect_ind
 .text.l2cap_recv
                0x8001d7b4        0x8 c:/devkitPro/libogc/lib/wii\libbte.a(l2cap.o)
                0x8001d7b4                l2cap_recv
 .text.l2cap_connect_ind
                0x8001d7bc      0x108 c:/devkitPro/libogc/lib/wii\libbte.a(l2cap.o)
                0x8001d7bc                l2cap_connect_ind
 .text.l2cap_close
                0x8001d8c4      0x1e8 c:/devkitPro/libogc/lib/wii\libbte.a(l2cap.o)
                0x8001d8c4                l2cap_close
 .text.lp_disconnect_ind
                0x8001daac      0x114 c:/devkitPro/libogc/lib/wii\libbte.a(l2cap.o)
                0x8001daac                lp_disconnect_ind
 .text.l2cap_new
                0x8001dbc0       0x80 c:/devkitPro/libogc/lib/wii\libbte.a(l2cap.o)
                0x8001dbc0                l2cap_new
 .text.l2cap_write
                0x8001dc40      0x1a4 c:/devkitPro/libogc/lib/wii\libbte.a(l2cap.o)
                0x8001dc40                l2cap_write
 .text.l2cap_rexmit_signal
                0x8001dde4       0x2c c:/devkitPro/libogc/lib/wii\libbte.a(l2cap.o)
                0x8001dde4                l2cap_rexmit_signal
 .text.l2cap_signal
                0x8001de10      0x1e0 c:/devkitPro/libogc/lib/wii\libbte.a(l2cap.o)
                0x8001de10                l2cap_signal
 .text.l2ca_disconnect_req
                0x8001dff0       0xc0 c:/devkitPro/libogc/lib/wii\libbte.a(l2cap.o)
                0x8001dff0                l2ca_disconnect_req
 .text.l2cap_tmr
                0x8001e0b0      0x244 c:/devkitPro/libogc/lib/wii\libbte.a(l2cap.o)
                0x8001e0b0                l2cap_tmr
 .text.l2ca_config_req
                0x8001e2f4      0x154 c:/devkitPro/libogc/lib/wii\libbte.a(l2cap.o)
                0x8001e2f4                l2ca_config_req
 .text.l2cap_process_sig
                0x8001e448     0x1238 c:/devkitPro/libogc/lib/wii\libbte.a(l2cap.o)
                0x8001e448                l2cap_process_sig
 .text.l2cap_init
                0x8001f680       0x88 c:/devkitPro/libogc/lib/wii\libbte.a(l2cap.o)
                0x8001f680                l2cap_init
 .text.l2cap_reset_all
                0x8001f708      0x154 c:/devkitPro/libogc/lib/wii\libbte.a(l2cap.o)
                0x8001f708                l2cap_reset_all
 .text.lp_connect_cfm
                0x8001f85c      0x14c c:/devkitPro/libogc/lib/wii\libbte.a(l2cap.o)
                0x8001f85c                lp_connect_cfm
 .text.l2ca_datawrite
                0x8001f9a8      0x114 c:/devkitPro/libogc/lib/wii\libbte.a(l2cap.o)
                0x8001f9a8                l2ca_datawrite
 .text.l2cap_input
                0x8001fabc      0x5d0 c:/devkitPro/libogc/lib/wii\libbte.a(l2cap.o)
                0x8001fabc                l2cap_input
 .text.btmemb_alloc
                0x8002008c       0xc0 c:/devkitPro/libogc/lib/wii\libbte.a(btmemb.o)
                0x8002008c                btmemb_alloc
 .text.btmemb_free
                0x8002014c       0xbc c:/devkitPro/libogc/lib/wii\libbte.a(btmemb.o)
                0x8002014c                btmemb_free
 .text.btmemb_init
                0x80020208       0x40 c:/devkitPro/libogc/lib/wii\libbte.a(btmemb.o)
                0x80020208                btmemb_init
 .text.plug_holes
                0x80020248       0xcc c:/devkitPro/libogc/lib/wii\libbte.a(btmemr.o)
 .text.btmemr_malloc
                0x80020314      0x190 c:/devkitPro/libogc/lib/wii\libbte.a(btmemr.o)
                0x80020314                btmemr_malloc
 .text.btmemr_free
                0x800204a4       0xa4 c:/devkitPro/libogc/lib/wii\libbte.a(btmemr.o)
                0x800204a4                btmemr_free
 .text.btmemr_realloc
                0x80020548      0x118 c:/devkitPro/libogc/lib/wii\libbte.a(btmemr.o)
                0x80020548                btmemr_realloc
 .text.btmemr_init
                0x80020660       0xa8 c:/devkitPro/libogc/lib/wii\libbte.a(btmemr.o)
                0x80020660                btmemr_init
 .text.btpbuf_header
                0x80020708       0xa8 c:/devkitPro/libogc/lib/wii\libbte.a(btpbuf.o)
                0x80020708                btpbuf_header
 .text.btpbuf_ref
                0x800207b0       0x48 c:/devkitPro/libogc/lib/wii\libbte.a(btpbuf.o)
                0x800207b0                btpbuf_ref
 .text.btpbuf_cat
                0x800207f8       0x5c c:/devkitPro/libogc/lib/wii\libbte.a(btpbuf.o)
                0x800207f8                btpbuf_cat
 .text.btpbuf_chain
                0x80020854       0x30 c:/devkitPro/libogc/lib/wii\libbte.a(btpbuf.o)
                0x80020854                btpbuf_chain
 .text.btpbuf_free
                0x80020884      0x110 c:/devkitPro/libogc/lib/wii\libbte.a(btpbuf.o)
                0x80020884                btpbuf_free
 .text.btpbuf_dechain
                0x80020994       0x7c c:/devkitPro/libogc/lib/wii\libbte.a(btpbuf.o)
                0x80020994                btpbuf_dechain
 .text.btpbuf_realloc
                0x80020a10       0xc0 c:/devkitPro/libogc/lib/wii\libbte.a(btpbuf.o)
                0x80020a10                btpbuf_realloc
 .text.btpbuf_alloc
                0x80020ad0      0x244 c:/devkitPro/libogc/lib/wii\libbte.a(btpbuf.o)
                0x80020ad0                btpbuf_alloc
 .text.btpbuf_take
                0x80020d14      0x124 c:/devkitPro/libogc/lib/wii\libbte.a(btpbuf.o)
                0x80020d14                btpbuf_take
 .text.btpbuf_init
                0x80020e38       0x34 c:/devkitPro/libogc/lib/wii\libbte.a(btpbuf.o)
                0x80020e38                btpbuf_init
 .text.__usb_closeCB
                0x80020e6c       0x10 c:/devkitPro/libogc/lib/wii\libbte.a(physbusif.o)
 .text.physbusif_close
                0x80020e7c       0x2c c:/devkitPro/libogc/lib/wii\libbte.a(physbusif.o)
                0x80020e7c                physbusif_close
 .text.physbusif_reset_all
                0x80020ea8        0x4 c:/devkitPro/libogc/lib/wii\libbte.a(physbusif.o)
                0x80020ea8                physbusif_reset_all
 .text.physbusif_output
                0x80020eac      0x18c c:/devkitPro/libogc/lib/wii\libbte.a(physbusif.o)
                0x80020eac                physbusif_output
 .text.__writebulkmsgCB
                0x80021038       0x40 c:/devkitPro/libogc/lib/wii\libbte.a(physbusif.o)
 .text.__writectrlmsgCB
                0x80021078       0x40 c:/devkitPro/libogc/lib/wii\libbte.a(physbusif.o)
 .text.physbusif_shutdown
                0x800210b8       0x50 c:/devkitPro/libogc/lib/wii\libbte.a(physbusif.o)
                0x800210b8                physbusif_shutdown
 .text.__initUsbIOBuffer
                0x80021108       0x98 c:/devkitPro/libogc/lib/wii\libbte.a(physbusif.o)
 .text.__issue_intrread
                0x800211a0       0xbc c:/devkitPro/libogc/lib/wii\libbte.a(physbusif.o)
 .text.__readintrdataCB
                0x8002125c      0x120 c:/devkitPro/libogc/lib/wii\libbte.a(physbusif.o)
 .text.__issue_bulkread
                0x8002137c       0xbc c:/devkitPro/libogc/lib/wii\libbte.a(physbusif.o)
 .text.physbusif_init
                0x80021438      0x1d0 c:/devkitPro/libogc/lib/wii\libbte.a(physbusif.o)
                0x80021438                physbusif_init
 .text.__readbulkdataCB
                0x80021608      0x120 c:/devkitPro/libogc/lib/wii\libbte.a(physbusif.o)
 .text.__console_clear
                0x80021728       0x60 c:/devkitPro/libogc/lib/wii\libogc.a(console.o)
 .text.__console_init
                0x80021788      0x128 c:/devkitPro/libogc/lib/wii\libogc.a(console.o)
                0x80021788                __console_init
 .text.CON_Init
                0x800218b0        0x4 c:/devkitPro/libogc/lib/wii\libogc.a(console.o)
                0x800218b0                CON_Init
 .text.__console_write
                0x800218b4      0x644 c:/devkitPro/libogc/lib/wii\libogc.a(console.o)
                0x800218b4                __console_write
 .text.__lwp_queue_initialize
                0x80021ef8       0x54 c:/devkitPro/libogc/lib/wii\libogc.a(lwp_queue.o)
                0x80021ef8                __lwp_queue_initialize
 .text.__lwp_queue_get
                0x80021f4c       0x7c c:/devkitPro/libogc/lib/wii\libogc.a(lwp_queue.o)
                0x80021f4c                __lwp_queue_get
 .text.__lwp_queue_append
                0x80021fc8       0x4c c:/devkitPro/libogc/lib/wii\libogc.a(lwp_queue.o)
                0x80021fc8                __lwp_queue_append
 .text.__lwp_isr_in_progress
                0x80022014        0x8 c:/devkitPro/libogc/lib/wii\libogc.a(lwp_threads.o)
                0x80022014                __lwp_isr_in_progress
 .text.__lwp_thread_resettimeslice
                0x8002201c       0xd0 c:/devkitPro/libogc/lib/wii\libogc.a(lwp_threads.o)
                0x8002201c                __lwp_thread_resettimeslice
 .text.__lwp_thread_setstate
                0x800220ec      0x158 c:/devkitPro/libogc/lib/wii\libogc.a(lwp_threads.o)
                0x800220ec                __lwp_thread_setstate
 .text.__lwp_thread_clearstate
                0x80022244      0x104 c:/devkitPro/libogc/lib/wii\libogc.a(lwp_threads.o)
                0x80022244                __lwp_thread_clearstate
 .text.__lwp_thread_delayended
                0x80022348       0x48 c:/devkitPro/libogc/lib/wii\libogc.a(lwp_threads.o)
                0x80022348                __lwp_thread_delayended
 .text.__lwp_thread_setpriority
                0x80022390       0x5c c:/devkitPro/libogc/lib/wii\libogc.a(lwp_threads.o)
                0x80022390                __lwp_thread_setpriority
 .text.__lwp_thread_settransient
                0x800223ec       0xd0 c:/devkitPro/libogc/lib/wii\libogc.a(lwp_threads.o)
                0x800223ec                __lwp_thread_settransient
 .text.__lwp_thread_loadenv
                0x800224bc       0x78 c:/devkitPro/libogc/lib/wii\libogc.a(lwp_threads.o)
                0x800224bc                __lwp_thread_loadenv
 .text.__lwp_thread_ready
                0x80022534       0xf8 c:/devkitPro/libogc/lib/wii\libogc.a(lwp_threads.o)
                0x80022534                __lwp_thread_ready
 .text.__thread_dispatch
                0x8002262c      0x12c c:/devkitPro/libogc/lib/wii\libogc.a(lwp_threads.o)
                0x8002262c                __thread_dispatch
 .text.__lwp_thread_start
                0x80022758       0x64 c:/devkitPro/libogc/lib/wii\libogc.a(lwp_threads.o)
                0x80022758                __lwp_thread_start
 .text.__lwp_thread_close
                0x800227bc      0x138 c:/devkitPro/libogc/lib/wii\libogc.a(lwp_threads.o)
                0x800227bc                __lwp_thread_close
 .text.__lwp_thread_closeall
                0x800228f4       0xd4 c:/devkitPro/libogc/lib/wii\libogc.a(lwp_threads.o)
                0x800228f4                __lwp_thread_closeall
 .text.__lwp_thread_init
                0x800229c8      0x124 c:/devkitPro/libogc/lib/wii\libogc.a(lwp_threads.o)
                0x800229c8                __lwp_thread_init
 .text.__thread_dispatch_fp
                0x80022aec       0x9c c:/devkitPro/libogc/lib/wii\libogc.a(lwp_threads.o)
                0x80022aec                __thread_dispatch_fp
 .text.__lwp_thread_stopmultitasking
                0x80022b88       0x64 c:/devkitPro/libogc/lib/wii\libogc.a(lwp_threads.o)
                0x80022b88                __lwp_thread_stopmultitasking
 .text.__lwp_thread_changepriority
                0x80022bec      0x1b8 c:/devkitPro/libogc/lib/wii\libogc.a(lwp_threads.o)
                0x80022bec                __lwp_thread_changepriority
 .text.__lwp_thread_coreinit
                0x80022da4       0x94 c:/devkitPro/libogc/lib/wii\libogc.a(lwp_threads.o)
                0x80022da4                __lwp_thread_coreinit
 .text.__lwp_thread_exit
                0x80022e38       0x70 c:/devkitPro/libogc/lib/wii\libogc.a(lwp_threads.o)
                0x80022e38                __lwp_thread_exit
 .text.__lwp_thread_handler
                0x80022ea8       0x7c c:/devkitPro/libogc/lib/wii\libogc.a(lwp_threads.o)
 .text.__lwp_thread_startmultitasking
                0x80022f24       0xcc c:/devkitPro/libogc/lib/wii\libogc.a(lwp_threads.o)
                0x80022f24                __lwp_thread_startmultitasking
 .text.__lwp_thread_tickle_timeslice
                0x80022ff0       0xe0 c:/devkitPro/libogc/lib/wii\libogc.a(lwp_threads.o)
                0x80022ff0                __lwp_thread_tickle_timeslice
 .text.idle_func
                0x800230d0        0x4 c:/devkitPro/libogc/lib/wii\libogc.a(lwp.o)
 .text.__lwp_sysinit
                0x800230d4      0x118 c:/devkitPro/libogc/lib/wii\libogc.a(lwp.o)
                0x800230d4                __lwp_sysinit
 .text.LWP_ThreadSignal
                0x800231ec       0x74 c:/devkitPro/libogc/lib/wii\libogc.a(lwp.o)
                0x800231ec                LWP_ThreadSignal
 .text.LWP_ThreadBroadcast
                0x80023260       0x88 c:/devkitPro/libogc/lib/wii\libogc.a(lwp.o)
                0x80023260                LWP_ThreadBroadcast
 .text.LWP_ThreadSleep
                0x800232e8       0xe0 c:/devkitPro/libogc/lib/wii\libogc.a(lwp.o)
                0x800232e8                LWP_ThreadSleep
 .text.LWP_CloseQueue
                0x800233c8       0xe8 c:/devkitPro/libogc/lib/wii\libogc.a(lwp.o)
                0x800233c8                LWP_CloseQueue
 .text.LWP_InitQueue
                0x800234b0      0x124 c:/devkitPro/libogc/lib/wii\libogc.a(lwp.o)
                0x800234b0                LWP_InitQueue
 .text.LWP_CreateThread
                0x800235d4      0x1b0 c:/devkitPro/libogc/lib/wii\libogc.a(lwp.o)
                0x800235d4                LWP_CreateThread
 .text.__lwp_stack_free
                0x80023784       0x38 c:/devkitPro/libogc/lib/wii\libogc.a(lwp_stack.o)
                0x80023784                __lwp_stack_free
 .text.__lwp_stack_allocate
                0x800237bc       0x6c c:/devkitPro/libogc/lib/wii\libogc.a(lwp_stack.o)
                0x800237bc                __lwp_stack_allocate
 .text.__lwp_watchdog_init
                0x80023828       0x2c c:/devkitPro/libogc/lib/wii\libogc.a(lwp_watchdog.o)
                0x80023828                __lwp_watchdog_init
 .text.__lwp_wd_settimer
                0x80023854       0xe0 c:/devkitPro/libogc/lib/wii\libogc.a(lwp_watchdog.o)
 .text.__lwp_wd_remove
                0x80023934      0x104 c:/devkitPro/libogc/lib/wii\libogc.a(lwp_watchdog.o)
                0x80023934                __lwp_wd_remove
 .text.__lwp_wd_insert
                0x80023a38      0x1c4 c:/devkitPro/libogc/lib/wii\libogc.a(lwp_watchdog.o)
                0x80023a38                __lwp_wd_insert
 .text.__lwp_wd_tickle
                0x80023bfc      0x130 c:/devkitPro/libogc/lib/wii\libogc.a(lwp_watchdog.o)
                0x80023bfc                __lwp_wd_tickle
 .text.__lwp_wkspace_init
                0x80023d2c       0xc8 c:/devkitPro/libogc/lib/wii\libogc.a(lwp_wkspace.o)
                0x80023d2c                __lwp_wkspace_init
 .text.__lwp_objmgr_getisrdisable
                0x80023df4       0x64 c:/devkitPro/libogc/lib/wii\libogc.a(lwp_objmgr.o)
                0x80023df4                __lwp_objmgr_getisrdisable
 .text.__lwp_objmgr_getnoprotection
                0x80023e58       0x24 c:/devkitPro/libogc/lib/wii\libogc.a(lwp_objmgr.o)
                0x80023e58                __lwp_objmgr_getnoprotection
 .text.__lwp_objmgr_allocate
                0x80023e7c       0x74 c:/devkitPro/libogc/lib/wii\libogc.a(lwp_objmgr.o)
                0x80023e7c                __lwp_objmgr_allocate
 .text.__lwp_objmgr_free
                0x80023ef0       0x5c c:/devkitPro/libogc/lib/wii\libogc.a(lwp_objmgr.o)
                0x80023ef0                __lwp_objmgr_free
 .text.__lwp_objmgr_get
                0x80023f4c       0x78 c:/devkitPro/libogc/lib/wii\libogc.a(lwp_objmgr.o)
                0x80023f4c                __lwp_objmgr_get
 .text.__lwp_objmgr_initinfo
                0x80023fc4      0x1b0 c:/devkitPro/libogc/lib/wii\libogc.a(lwp_objmgr.o)
                0x80023fc4                __lwp_objmgr_initinfo
 .text.__lwp_heap_init
                0x80024174       0x9c c:/devkitPro/libogc/lib/wii\libogc.a(lwp_heap.o)
                0x80024174                __lwp_heap_init
 .text.__lwp_heap_free
                0x80024210      0x1d4 c:/devkitPro/libogc/lib/wii\libogc.a(lwp_heap.o)
                0x80024210                __lwp_heap_free
 .text.__lwp_heap_allocate
                0x800243e4      0x16c c:/devkitPro/libogc/lib/wii\libogc.a(lwp_heap.o)
                0x800243e4                __lwp_heap_allocate
 .text.c_irqdispatcher
                0x80024550      0x2ac c:/devkitPro/libogc/lib/wii\libogc.a(irq.o)
                0x80024550                c_irqdispatcher
 .text.__SetInterrupts
                0x800247fc      0x268 c:/devkitPro/libogc/lib/wii\libogc.a(irq.o)
 .text.__UnmaskIrq
                0x80024a64       0x90 c:/devkitPro/libogc/lib/wii\libogc.a(irq.o)
                0x80024a64                __UnmaskIrq
 .text.__MaskIrq
                0x80024af4       0x90 c:/devkitPro/libogc/lib/wii\libogc.a(irq.o)
                0x80024af4                __MaskIrq
 .text.IRQ_Request
                0x80024b84       0x54 c:/devkitPro/libogc/lib/wii\libogc.a(irq.o)
                0x80024b84                IRQ_Request
 .text.IRQ_GetHandler
                0x80024bd8       0x44 c:/devkitPro/libogc/lib/wii\libogc.a(irq.o)
                0x80024bd8                IRQ_GetHandler
 .text.IRQ_Disable
                0x80024c1c       0x20 c:/devkitPro/libogc/lib/wii\libogc.a(irq.o)
                0x80024c1c                IRQ_Disable
 .text.IRQ_Restore
                0x80024c3c       0x1c c:/devkitPro/libogc/lib/wii\libogc.a(irq.o)
                0x80024c3c                IRQ_Restore
 .text.__irq_init
                0x80024c58       0xac c:/devkitPro/libogc/lib/wii\libogc.a(irq.o)
                0x80024c58                __irq_init
 .text.__gettiming
                0x80024d04       0xb0 c:/devkitPro/libogc/lib/wii\libogc.a(video.o)
 .text.VIDEO_Flush
                0x80024db4      0x178 c:/devkitPro/libogc/lib/wii\libogc.a(video.o)
                0x80024db4                VIDEO_Flush
 .text.VIDEO_GetCurrentTvMode
                0x80024f2c       0x70 c:/devkitPro/libogc/lib/wii\libogc.a(video.o)
                0x80024f2c                VIDEO_GetCurrentTvMode
 .text.VIDEO_HaveComponentCable
                0x80024f9c       0x14 c:/devkitPro/libogc/lib/wii\libogc.a(video.o)
                0x80024f9c                VIDEO_HaveComponentCable
 .text.VIDEO_GetPreferredMode
                0x80024fb0       0xd0 c:/devkitPro/libogc/lib/wii\libogc.a(video.o)
                0x80024fb0                VIDEO_GetPreferredMode
 .text.VIDEO_WaitVSync
                0x80025080       0x90 c:/devkitPro/libogc/lib/wii\libogc.a(video.o)
                0x80025080                VIDEO_WaitVSync
 .text.__VISendI2CData
                0x80025110      0x560 c:/devkitPro/libogc/lib/wii\libogc.a(video.o)
 .text.__VIWriteI2CRegisterBuf
                0x80025670       0x54 c:/devkitPro/libogc/lib/wii\libogc.a(video.o)
 .text.__VIWriteI2CRegister32
                0x800256c4       0x58 c:/devkitPro/libogc/lib/wii\libogc.a(video.o)
 .text.__VIWriteI2CRegister16
                0x8002571c       0x48 c:/devkitPro/libogc/lib/wii\libogc.a(video.o)
 .text.__VIWriteI2CRegister8
                0x80025764       0x3c c:/devkitPro/libogc/lib/wii\libogc.a(video.o)
 .text.__VISetFilterEURGB60
                0x800257a0        0xc c:/devkitPro/libogc/lib/wii\libogc.a(video.o)
 .text.__VISetYUVSEL
                0x800257ac       0x90 c:/devkitPro/libogc/lib/wii\libogc.a(video.o)
 .text.VIDEO_Init
                0x8002583c      0x818 c:/devkitPro/libogc/lib/wii\libogc.a(video.o)
                0x8002583c                VIDEO_Init
 .text.__VIRetraceHandler
                0x80026054      0x308 c:/devkitPro/libogc/lib/wii\libogc.a(video.o)
 .text.VIDEO_GetCurrentLine
                0x8002635c       0xa8 c:/devkitPro/libogc/lib/wii\libogc.a(video.o)
                0x8002635c                VIDEO_GetCurrentLine
 .text.VIDEO_SetBlack
                0x80026404      0x158 c:/devkitPro/libogc/lib/wii\libogc.a(video.o)
                0x80026404                VIDEO_SetBlack
 .text.VIDEO_Configure
                0x8002655c      0x874 c:/devkitPro/libogc/lib/wii\libogc.a(video.o)
                0x8002655c                VIDEO_Configure
 .text.VIDEO_SetNextFramebuffer
                0x80026dd0      0x234 c:/devkitPro/libogc/lib/wii\libogc.a(video.o)
                0x80026dd0                VIDEO_SetNextFramebuffer
 .text.VIDEO_SetFramebuffer
                0x80027004      0x340 c:/devkitPro/libogc/lib/wii\libogc.a(video.o)
                0x80027004                VIDEO_SetFramebuffer
 .text.__PADDisableRecalibration
                0x80027344       0x5c c:/devkitPro/libogc/lib/wii\libogc.a(pad.o)
                0x80027344                __PADDisableRecalibration
 .text.PAD_ButtonsDown
                0x800273a0       0x34 c:/devkitPro/libogc/lib/wii\libogc.a(pad.o)
                0x800273a0                PAD_ButtonsDown
 .text.__pad_updateorigin
                0x800273d4       0xa4 c:/devkitPro/libogc/lib/wii\libogc.a(pad.o)
 .text.__pad_doreset
                0x80027478       0x74 c:/devkitPro/libogc/lib/wii\libogc.a(pad.o)
 .text.PAD_Reset
                0x800274ec      0x12c c:/devkitPro/libogc/lib/wii\libogc.a(pad.o)
                0x800274ec                PAD_Reset
 .text.__pad_enable
                0x80027618       0x68 c:/devkitPro/libogc/lib/wii\libogc.a(pad.o)
 .text.__pad_typeandstatuscallback
                0x80027680      0x194 c:/devkitPro/libogc/lib/wii\libogc.a(pad.o)
 .text.__pad_origincallback
                0x80027814       0x40 c:/devkitPro/libogc/lib/wii\libogc.a(pad.o)
 .text.__pad_probecallback
                0x80027854       0x54 c:/devkitPro/libogc/lib/wii\libogc.a(pad.o)
 .text.__pad_disable
                0x800278a8       0xd0 c:/devkitPro/libogc/lib/wii\libogc.a(pad.o)
 .text.PAD_Read
                0x80027978      0x2f4 c:/devkitPro/libogc/lib/wii\libogc.a(pad.o)
                0x80027978                PAD_Read
 .text.PAD_ScanPads
                0x80027c6c      0x17c c:/devkitPro/libogc/lib/wii\libogc.a(pad.o)
                0x80027c6c                PAD_ScanPads
 .text.__pad_receivecheckcallback
                0x80027de8       0xc0 c:/devkitPro/libogc/lib/wii\libogc.a(pad.o)
 .text.__pad_originupdatecallback
                0x80027ea8       0x88 c:/devkitPro/libogc/lib/wii\libogc.a(pad.o)
 .text.__MEMInterruptHandler
                0x80027f30       0x14 c:/devkitPro/libogc/lib/wii\libogc.a(system.o)
 .text.__RSWDefaultHandler
                0x80027f44        0x4 c:/devkitPro/libogc/lib/wii\libogc.a(system.o)
 .text.__POWDefaultHandler
                0x80027f48        0x4 c:/devkitPro/libogc/lib/wii\libogc.a(system.o)
 .text.__sram_sync
                0x80027f4c        0xc c:/devkitPro/libogc/lib/wii\libogc.a(system.o)
 .text.__call_resetfuncs
                0x80027f58       0xb0 c:/devkitPro/libogc/lib/wii\libogc.a(system.o)
 .text.__locksram
                0x80028008       0x60 c:/devkitPro/libogc/lib/wii\libogc.a(system.o)
 .text.__SYS_LockSramEx